Component: ARM Compiler 5.05 update 1 (build 106) Tool: armlink [4d0efa]

==============================================================================

Section Cross References

    port.o(.emb_text) refers to tasks.o(i.vTaskSwitchContext) for vTaskSwitchContext
    port.o(.emb_text) refers to tasks.o(.data) for pxCurrentTCB
    port.o(i.prvTaskExitError) refers to port.o(.data) for .data
    port.o(i.pxPortInitialiseStack) refers to port.o(i.prvTaskExitError) for prvTaskExitError
    port.o(i.vPortEndScheduler) refers to port.o(.data) for .data
    port.o(i.vPortEnterCritical) refers to port.o(.data) for .data
    port.o(i.vPortExitCritical) refers to port.o(.data) for .data
    port.o(i.vPortSetupTimerInterrupt) refers to system_stm32f4xx.o(.data) for SystemCoreClock
    port.o(i.vPortValidateInterruptPriority) refers to port.o(.emb_text) for vPortGetIPSR
    port.o(i.vPortValidateInterruptPriority) refers to port.o(.data) for .data
    port.o(i.xPortStartScheduler) refers to port.o(i.vPortSetupTimerInterrupt) for vPortSetupTimerInterrupt
    port.o(i.xPortStartScheduler) refers to port.o(.emb_text) for __asm___6_port_c_39a90d8d__prvEnableVFP
    port.o(i.xPortStartScheduler) refers to port.o(.data) for .data
    port.o(i.xPortSysTickHandler) refers to tasks.o(i.xTaskIncrementTick) for xTaskIncrementTick
    queue.o(i.pcQueueGetName) refers to queue.o(.bss) for .bss
    queue.o(i.prvCopyDataFromQueue) refers to memcpya.o(.text) for __aeabi_memcpy
    queue.o(i.prvCopyDataToQueue) refers to memcpya.o(.text) for __aeabi_memcpy
    queue.o(i.prvCopyDataToQueue) refers to tasks.o(i.xTaskPriorityDisinherit) for xTaskPriorityDisinherit
    queue.o(i.prvIsQueueEmpty) refers to port.o(i.vPortEnterCritical) for vPortEnterCritical
    queue.o(i.prvIsQueueEmpty) refers to port.o(i.vPortExitCritical) for vPortExitCritical
    queue.o(i.prvUnlockQueue) refers to port.o(i.vPortEnterCritical) for vPortEnterCritical
    queue.o(i.prvUnlockQueue) refers to tasks.o(i.xTaskRemoveFromEventList) for xTaskRemoveFromEventList
    queue.o(i.prvUnlockQueue) refers to tasks.o(i.vTaskMissedYield) for vTaskMissedYield
    queue.o(i.prvUnlockQueue) refers to port.o(i.vPortExitCritical) for vPortExitCritical
    queue.o(i.uxQueueMessagesWaiting) refers to port.o(i.vPortEnterCritical) for vPortEnterCritical
    queue.o(i.uxQueueMessagesWaiting) refers to port.o(i.vPortExitCritical) for vPortExitCritical
    queue.o(i.uxQueueSpacesAvailable) refers to port.o(i.vPortEnterCritical) for vPortEnterCritical
    queue.o(i.uxQueueSpacesAvailable) refers to port.o(i.vPortExitCritical) for vPortExitCritical
    queue.o(i.vQueueAddToRegistry) refers to queue.o(.bss) for .bss
    queue.o(i.vQueueDelete) refers to queue.o(i.vQueueUnregisterQueue) for vQueueUnregisterQueue
    queue.o(i.vQueueDelete) refers to heap_4.o(i.vPortFree) for vPortFree
    queue.o(i.vQueueUnregisterQueue) refers to queue.o(.bss) for .bss
    queue.o(i.xQueueCreateMutex) refers to queue.o(i.xQueueGenericCreate) for xQueueGenericCreate
    queue.o(i.xQueueCreateMutex) refers to queue.o(i.xQueueGenericSend) for xQueueGenericSend
    queue.o(i.xQueueGenericCreate) refers to heap_4.o(i.pvPortMalloc) for pvPortMalloc
    queue.o(i.xQueueGenericCreate) refers to queue.o(i.xQueueGenericReset) for xQueueGenericReset
    queue.o(i.xQueueGenericReceive) refers to tasks.o(i.xTaskGetSchedulerState) for xTaskGetSchedulerState
    queue.o(i.xQueueGenericReceive) refers to port.o(i.vPortEnterCritical) for vPortEnterCritical
    queue.o(i.xQueueGenericReceive) refers to queue.o(i.prvCopyDataFromQueue) for prvCopyDataFromQueue
    queue.o(i.xQueueGenericReceive) refers to tasks.o(i.xTaskRemoveFromEventList) for xTaskRemoveFromEventList
    queue.o(i.xQueueGenericReceive) refers to port.o(i.vPortExitCritical) for vPortExitCritical
    queue.o(i.xQueueGenericReceive) refers to tasks.o(i.pvTaskIncrementMutexHeldCount) for pvTaskIncrementMutexHeldCount
    queue.o(i.xQueueGenericReceive) refers to tasks.o(i.vTaskSetTimeOutState) for vTaskSetTimeOutState
    queue.o(i.xQueueGenericReceive) refers to tasks.o(i.vTaskSuspendAll) for vTaskSuspendAll
    queue.o(i.xQueueGenericReceive) refers to tasks.o(i.xTaskCheckForTimeOut) for xTaskCheckForTimeOut
    queue.o(i.xQueueGenericReceive) refers to queue.o(i.prvUnlockQueue) for prvUnlockQueue
    queue.o(i.xQueueGenericReceive) refers to tasks.o(i.xTaskResumeAll) for xTaskResumeAll
    queue.o(i.xQueueGenericReceive) refers to queue.o(i.prvIsQueueEmpty) for prvIsQueueEmpty
    queue.o(i.xQueueGenericReceive) refers to tasks.o(i.vTaskPriorityInherit) for vTaskPriorityInherit
    queue.o(i.xQueueGenericReceive) refers to tasks.o(i.vTaskPlaceOnEventList) for vTaskPlaceOnEventList
    queue.o(i.xQueueGenericReset) refers to port.o(i.vPortEnterCritical) for vPortEnterCritical
    queue.o(i.xQueueGenericReset) refers to list.o(i.vListInitialise) for vListInitialise
[...]
    np_finished                              0x08009b01   Thumb Code    24  auth.o(i.np_finished)
    np_up                                    0x08009b39   Thumb Code    28  auth.o(i.np_up)
    osDelay                                  0x08009b55   Thumb Code    14  cmsis_os.o(i.osDelay)
    osKernelStart                            0x08009b63   Thumb Code    10  cmsis_os.o(i.osKernelStart)
    osKernelSysTick                          0x08009b6d   Thumb Code    24  cmsis_os.o(i.osKernelSysTick)
    osMessageCreate                          0x08009b85   Thumb Code     8  cmsis_os.o(i.osMessageCreate)
    osMessageGet                             0x08009b8d   Thumb Code   146  cmsis_os.o(i.osMessageGet)
    osMessagePut                             0x08009c25   Thumb Code    86  cmsis_os.o(i.osMessagePut)
    osMutexCreate                            0x08009c81   Thumb Code     6  cmsis_os.o(i.osMutexCreate)
    osMutexRelease                           0x08009c89   Thumb Code    74  cmsis_os.o(i.osMutexRelease)
    osMutexWait                              0x08009cd9   Thumb Code   100  cmsis_os.o(i.osMutexWait)
    osSystickHandler                         0x08009d41   Thumb Code    20  cmsis_os.o(i.osSystickHandler)
    osThreadCreate                           0x08009d55   Thumb Code    46  cmsis_os.o(i.osThreadCreate)
    output_cb                                0x08009d85   Thumb Code    34  pppapp.o(i.output_cb)
    pbuf_alloc                               0x08009dad   Thumb Code   532  pbuf.o(i.pbuf_alloc)
    pbuf_alloced_custom                      0x0800a1e1   Thumb Code   126  pbuf.o(i.pbuf_alloced_custom)
    pbuf_cat                                 0x0800a321   Thumb Code    96  pbuf.o(i.pbuf_cat)
    pbuf_chain                               0x0800a441   Thumb Code    30  pbuf.o(i.pbuf_chain)
    pbuf_clen                                0x0800a481   Thumb Code    18  pbuf.o(i.pbuf_clen)
    pbuf_copy                                0x0800a495   Thumb Code   254  pbuf.o(i.pbuf_copy)
    pbuf_copy_partial                        0x0800a6b5   Thumb Code   126  pbuf.o(i.pbuf_copy_partial)
    pbuf_dechain                             0x0800a7c1   Thumb Code   112  pbuf.o(i.pbuf_dechain)
    pbuf_free                                0x0800a915   Thumb Code   220  pbuf.o(i.pbuf_free)
    pbuf_get_at                              0x0800ab7d   Thumb Code    18  pbuf.o(i.pbuf_get_at)
    pbuf_header                              0x0800ab8f   Thumb Code     6  pbuf.o(i.pbuf_header)
    pbuf_header_force                        0x0800ab95   Thumb Code     6  pbuf.o(i.pbuf_header_force)
    pbuf_realloc                             0x0800ad31   Thumb Code   192  pbuf.o(i.pbuf_realloc)
    pbuf_ref                                 0x0800aeb5   Thumb Code    46  pbuf.o(i.pbuf_ref)
    pbuf_take                                0x0800af59   Thumb Code   158  pbuf.o(i.pbuf_take)
    pbuf_try_get_at                          0x0800b0c5   Thumb Code    32  pbuf.o(i.pbuf_try_get_at)
    ppp_connect                              0x0800b251   Thumb Code    70  ppp.o(i.ppp_connect)
    ppp_dbglog                               0x0800b2cd   Thumb Code    20  utils.o(i.ppp_dbglog)
    ppp_error                                0x0800b3a1   Thumb Code    20  utils.o(i.ppp_error)
    ppp_info                                 0x0800b3b5   Thumb Code    20  utils.o(i.ppp_info)
    ppp_init                                 0x0800b3c9   Thumb Code    22  ppp.o(i.ppp_init)
    ppp_input                                0x0800b3e9   Thumb Code   300  ppp.o(i.ppp_input)
    ppp_link_end                             0x0800b679   Thumb Code    50  ppp.o(i.ppp_link_end)
    ppp_link_terminated                      0x0800b6c1   Thumb Code    42  ppp.o(i.ppp_link_terminated)
    ppp_new                                  0x0800b845   Thumb Code   154  ppp.o(i.ppp_new)
    ppp_notice                               0x0800b90d   Thumb Code    20  utils.o(i.ppp_notice)
    ppp_recv_config                          0x0800b921   Thumb Code    36  ppp.o(i.ppp_recv_config)
    ppp_send_config                          0x0800b95d   Thumb Code    36  ppp.o(i.ppp_send_config)
    ppp_singlebuf                            0x0800b999   Thumb Code    78  ppp.o(i.ppp_singlebuf)
    ppp_slprintf                             0x0800ba19   Thumb Code    18  utils.o(i.ppp_slprintf)
    ppp_start                                0x0800ba2d   Thumb Code    60  ppp.o(i.ppp_start)
    ppp_vslprintf                            0x0800ba95   Thumb Code  1018  utils.o(i.ppp_vslprintf)
    ppp_warn                                 0x0800bea9   Thumb Code    20  utils.o(i.ppp_warn)
    ppp_write                                0x0800bebd   Thumb Code    10  ppp.o(i.ppp_write)
    pppos_create                             0x0800bf25   Thumb Code    72  pppos.o(i.pppos_create)
    pppos_input                              0x0800bf9d   Thumb Code   512  pppos.o(i.pppos_input)
    pppos_input_sys                          0x0800c2e3   Thumb Code    36  pppos.o(i.pppos_input_sys)
    pppos_input_tcpip                        0x0800c309   Thumb Code    64  pppos.o(i.pppos_input_tcpip)
    pvPortMalloc                             0x0800ccad   Thumb Code   210  heap_4.o(i.pvPortMalloc)
    pvTaskIncrementMutexHeldCount            0x0800cd85   Thumb Code    18  tasks.o(i.pvTaskIncrementMutexHeldCount)
    pxPortInitialiseStack                    0x0800cd9d   Thumb Code    40  port.o(i.pxPortInitialiseStack)
    sifaddr                                  0x0800cdc9   Thumb Code    24  ppp.o(i.sifaddr)
    sifdown                                  0x0800cde1   Thumb Code    38  ppp.o(i.sifdown)
    sifup                                    0x0800ce25   Thumb Code    56  ppp.o(i.sifup)
    sifvjcomp                                0x0800ce75   Thumb Code    42  ppp.o(i.sifvjcomp)
    start_networks                           0x0800cedd   Thumb Code    20  auth.o(i.start_networks)
    status_cb                                0x0800cef1   Thumb Code   182  pppapp.o(i.status_cb)
    sys_arch_mbox_fetch                      0x0800d1d9   Thumb Code    68  sys_arch.o(i.sys_arch_mbox_fetch)
    sys_arch_protect                         0x0800d21d   Thumb Code    18  sys_arch.o(i.sys_arch_protect)
    sys_arch_unprotect                       0x0800d235   Thumb Code     8  sys_arch.o(i.sys_arch_unprotect)
    sys_init                                 0x0800d2c5   Thumb Code    14  sys_arch.o(i.sys_init)
    sys_jiffies                              0x0800d2dd   Thumb Code     4  lwip.o(i.sys_jiffies)
    sys_mbox_new                             0x0800d2e1   Thumb Code    34  sys_arch.o(i.sys_mbox_new)
    sys_mbox_post                            0x0800d309   Thumb Code    26  sys_arch.o(i.sys_mbox_post)
    sys_mbox_trypost                         0x0800d323   Thumb Code    20  sys_arch.o(i.sys_mbox_trypost)
    sys_mbox_valid                           0x0800d337   Thumb Code    10  sys_arch.o(i.sys_mbox_valid)
    sys_mutex_lock                           0x0800d341   Thumb Code    10  sys_arch.o(i.sys_mutex_lock)
    sys_mutex_new                            0x0800d34b   Thumb Code    28  sys_arch.o(i.sys_mutex_new)
    sys_mutex_unlock                         0x0800d367   Thumb Code     6  sys_arch.o(i.sys_mutex_unlock)
    sys_now                                  0x0800d36d   Thumb Code     4  lwip.o(i.sys_now)
    sys_thread_new                           0x0800d371   Thumb Code    48  sys_arch.o(i.sys_thread_new)
    sys_timeout_debug                        0x0800d3a1   Thumb Code   166  timeouts.o(i.sys_timeout_debug)
    sys_timeouts_init                        0x0800d505   Thumb Code    28  timeouts.o(i.sys_timeouts_init)
    sys_timeouts_mbox_fetch                  0x0800d53d   Thumb Code    66  timeouts.o(i.sys_timeouts_mbox_fetch)
    sys_untimeout                            0x0800d585   Thumb Code    68  timeouts.o(i.sys_untimeout)
    tcp_abandon                              0x0800d5cd   Thumb Code   234  tcp.o(i.tcp_abandon)
    tcp_abort                                0x0800d755   Thumb Code     6  tcp.o(i.tcp_abort)
    tcp_alloc                                0x0800d75d   Thumb Code   180  tcp.o(i.tcp_alloc)
    tcp_arg                                  0x0800d8f1   Thumb Code     8  tcp.o(i.tcp_arg)
    tcp_bind                                 0x0800d8f9   Thumb Code   160  tcp.o(i.tcp_bind)
    tcp_close                                0x0800da31   Thumb Code    42  tcp.o(i.tcp_close)
    tcp_connect                              0x0800dca1   Thumb Code   256  tcp.o(i.tcp_connect)
    tcp_debug_print                          0x0800dfad   Thumb Code   242  tcp.o(i.tcp_debug_print)
    tcp_debug_print_flags                    0x0800e1d1   Thumb Code    94  tcp.o(i.tcp_debug_print_flags)
    tcp_debug_print_state                    0x0800e275   Thumb Code    12  tcp.o(i.tcp_debug_print_state)
    tcp_eff_send_mss_impl                    0x0800e291   Thumb Code    34  tcp.o(i.tcp_eff_send_mss_impl)
    tcp_enqueue_flags                        0x0800e2b5   Thumb Code   332  tcp_out.o(i.tcp_enqueue_flags)
    tcp_err                                  0x0800e5a1   Thumb Code    34  tcp.o(i.tcp_err)
    tcp_fasttmr                              0x0800e635   Thumb Code   118  tcp.o(i.tcp_fasttmr)
    tcp_init                                 0x0800e719   Thumb Code    16  tcp.o(i.tcp_init)
    tcp_input                                0x0800e72d   Thumb Code  2004  tcp_in.o(i.tcp_input)
    tcp_keepalive                            0x0800efc1   Thumb Code   198  tcp_out.o(i.tcp_keepalive)
    tcp_netif_ip_addr_changed                0x0800f559   Thumb Code    72  tcp.o(i.tcp_netif_ip_addr_changed)
    tcp_new                                  0x0800f5f9   Thumb Code     6  tcp.o(i.tcp_new)
    tcp_next_iss                             0x0800f65d   Thumb Code    12  tcp.o(i.tcp_next_iss)
    tcp_output                               0x0800f6e5   Thumb Code   708  tcp_out.o(i.tcp_output)
    tcp_pcb_purge                            0x0800fe91   Thumb Code   110  tcp.o(i.tcp_pcb_purge)
    tcp_pcb_remove                           0x0800ffb1   Thumb Code   166  tcp.o(i.tcp_pcb_remove)
    tcp_pcbs_sane                            0x0801010d   Thumb Code   116  tcp.o(i.tcp_pcbs_sane)
    tcp_poll                                 0x08010281   Thumb Code    36  tcp.o(i.tcp_poll)
    tcp_process_refused_data                 0x08010a21   Thumb Code   122  tcp.o(i.tcp_process_refused_data)
    tcp_recv                                 0x080118d1   Thumb Code    34  tcp.o(i.tcp_recv)
    tcp_recv_null                            0x08011965   Thumb Code    36  tcp.o(i.tcp_recv_null)
    tcp_recved                               0x08011989   Thumb Code   118  tcp.o(i.tcp_recved)
    tcp_rexmit                               0x08011ac5   Thumb Code    86  tcp_out.o(i.tcp_rexmit)
    tcp_rexmit_fast                          0x08011b1d   Thumb Code   128  tcp_out.o(i.tcp_rexmit_fast)
    tcp_rexmit_rto                           0x08011bd5   Thumb Code    60  tcp_out.o(i.tcp_rexmit_rto)
    tcp_rst                                  0x08011c11   Thumb Code   186  tcp_out.o(i.tcp_rst)
    tcp_seg_copy                             0x08011d99   Thumb Code    36  tcp.o(i.tcp_seg_copy)
    tcp_seg_free                             0x08011dbd   Thumb Code    32  tcp.o(i.tcp_seg_free)
    tcp_segs_free                            0x08011ddd   Thumb Code    18  tcp.o(i.tcp_segs_free)
    tcp_send_empty_ack                       0x08011df1   Thumb Code   148  tcp_out.o(i.tcp_send_empty_ack)
    tcp_send_fin                             0x08011ed1   Thumb Code    68  tcp_out.o(i.tcp_send_fin)
    tcp_sent                                 0x08011f15   Thumb Code    32  tcp.o(i.tcp_sent)
    tcp_slowtmr                              0x08011fa5   Thumb Code  1762  tcp.o(i.tcp_slowtmr)
    tcp_timer_needed                         0x08012709   Thumb Code    38  timeouts.o(i.tcp_timer_needed)
    tcp_tmr                                  0x080127b9   Thumb Code    28  tcp.o(i.tcp_tmr)
    tcp_trigger_input_pcb_close              0x080127d9   Thumb Code    12  tcp_in.o(i.tcp_trigger_input_pcb_close)
    tcp_update_rcv_ann_wnd                   0x080127e9   Thumb Code    76  tcp.o(i.tcp_update_rcv_ann_wnd)
    tcp_write                                0x08012899   Thumb Code  2058  tcp_out.o(i.tcp_write)
    tcp_zero_window_probe                    0x08013385   Thumb Code   298  tcp_out.o(i.tcp_zero_window_probe)
    tcpip_callback_with_block                0x08013561   Thumb Code    94  tcpip.o(i.tcpip_callback_with_block)
    tcpip_init                               0x0801361d   Thumb Code    84  tcpip.o(i.tcpip_init)
    tcpip_inpkt                              0x08013719   Thumb Code    82  tcpip.o(i.tcpip_inpkt)
    uart2_init                               0x08013a65   Thumb Code    14  uart_driver.o(i.uart2_init)
    udp_debug_print                          0x08013a7d   Thumb Code    80  udp.o(i.udp_debug_print)
    udp_init                                 0x08013b69   Thumb Code    16  udp.o(i.udp_init)
    udp_input                                0x08013b7d   Thumb Code   504  udp.o(i.udp_input)
    udp_netif_ip_addr_changed                0x08013ea5   Thumb Code    48  udp.o(i.udp_netif_ip_addr_changed)
    upper_layers_down                        0x08013ed9   Thumb Code    72  auth.o(i.upper_layers_down)
    uxListRemove                             0x08013f31   Thumb Code    36  list.o(i.uxListRemove)
    vListInitialise                          0x08013f55   Thumb Code    22  list.o(i.vListInitialise)
    vListInitialiseItem                      0x08013f6b   Thumb Code     6  list.o(i.vListInitialiseItem)
    vListInsert                              0x08013f71   Thumb Code    48  list.o(i.vListInsert)
    vListInsertEnd                           0x08013fa1   Thumb Code    24  list.o(i.vListInsertEnd)
    vPortEnterCritical                       0x08013fb9   Thumb Code    54  port.o(i.vPortEnterCritical)
    vPortExitCritical                        0x08013ff9   Thumb Code    34  port.o(i.vPortExitCritical)
    vPortFree                                0x08014021   Thumb Code    88  heap_4.o(i.vPortFree)
    vPortSetupTimerInterrupt                 0x0801407d   Thumb Code    26  port.o(i.vPortSetupTimerInterrupt)
    vPortValidateInterruptPriority           0x0801409d   Thumb Code    74  port.o(i.vPortValidateInterruptPriority)
    vTaskDelay                               0x080140f1   Thumb Code    66  tasks.o(i.vTaskDelay)
    vTaskMissedYield                         0x0801413d   Thumb Code     8  tasks.o(i.vTaskMissedYield)
    vTaskPlaceOnEventList                    0x08014149   Thumb Code    44  tasks.o(i.vTaskPlaceOnEventList)
    vTaskPriorityInherit                     0x08014179   Thumb Code   124  tasks.o(i.vTaskPriorityInherit)
    vTaskSetTimeOutState                     0x080141fd   Thumb Code    30  tasks.o(i.vTaskSetTimeOutState)
    vTaskStartScheduler                      0x08014221   Thumb Code    86  tasks.o(i.vTaskStartScheduler)
    vTaskSuspendAll                          0x08014289   Thumb Code    10  tasks.o(i.vTaskSuspendAll)
    vTaskSwitchContext                       0x08014299   Thumb Code    82  tasks.o(i.vTaskSwitchContext)
    vj_compress_init                         0x080142f5   Thumb Code    62  vj.o(i.vj_compress_init)
    vj_compress_tcp                          0x08014335   Thumb Code  1034  vj.o(i.vj_compress_tcp)
    vj_uncompress_err                        0x080147d1   Thumb Code    10  vj.o(i.vj_uncompress_err)
    vj_uncompress_tcp                        0x080147dd   Thumb Code   880  vj.o(i.vj_uncompress_tcp)
    vj_uncompress_uncomp                     0x08014cad   Thumb Code   130  vj.o(i.vj_uncompress_uncomp)
    xPortStartScheduler                      0x08014d69   Thumb Code   202  port.o(i.xPortStartScheduler)
    xPortSysTickHandler                      0x08014e49   Thumb Code    38  port.o(i.xPortSysTickHandler)
    xQueueCreateMutex                        0x08014e75   Thumb Code    36  queue.o(i.xQueueCreateMutex)
    xQueueGenericCreate                      0x08014e99   Thumb Code    72  queue.o(i.xQueueGenericCreate)
    xQueueGenericReceive                     0x08014ee1   Thumb Code   360  queue.o(i.xQueueGenericReceive)
    xQueueGenericReset                       0x0801504d   Thumb Code   132  queue.o(i.xQueueGenericReset)
    xQueueGenericSend                        0x080150d5   Thumb Code   346  queue.o(i.xQueueGenericSend)
    xQueueGenericSendFromISR                 0x08015235   Thumb Code   188  queue.o(i.xQueueGenericSendFromISR)
    xQueueGiveFromISR                        0x080152f1   Thumb Code   156  queue.o(i.xQueueGiveFromISR)
    xQueueReceiveFromISR                     0x0801538d   Thumb Code   154  queue.o(i.xQueueReceiveFromISR)
    xTaskCheckForTimeOut                     0x08015429   Thumb Code   102  tasks.o(i.xTaskCheckForTimeOut)
    xTaskCreate                              0x08015495   Thumb Code    86  tasks.o(i.xTaskCreate)
    xTaskGetSchedulerState                   0x080154ed   Thumb Code    22  tasks.o(i.xTaskGetSchedulerState)
    xTaskGetTickCount                        0x08015509   Thumb Code     6  tasks.o(i.xTaskGetTickCount)
    xTaskGetTickCountFromISR                 0x08015515   Thumb Code    12  tasks.o(i.xTaskGetTickCountFromISR)
    xTaskIncrementTick                       0x08015525   Thumb Code   192  tasks.o(i.xTaskIncrementTick)
    xTaskPriorityDisinherit                  0x080155ed   Thumb Code   144  tasks.o(i.xTaskPriorityDisinherit)
    xTaskRemoveFromEventList                 0x08015685   Thumb Code   108  tasks.o(i.xTaskRemoveFromEventList)
    xTaskResumeAll                           0x080156f9   Thumb Code   182  tasks.o(i.xTaskResumeAll)
    AHBPrescTable                            0x080157d8   Data          16  system_stm32f4xx.o(.constdata)
    APBPrescTable                            0x080157e8   Data           8  system_stm32f4xx.o(.constdata)
    memp_UDP_PCB                             0x080157f0   Data          16  memp.o(.constdata)
    memp_TCP_PCB                             0x08015800   Data          16  memp.o(.constdata)
    memp_TCP_PCB_LISTEN                      0x08015810   Data          16  memp.o(.constdata)
    memp_TCP_SEG                             0x08015820   Data          16  memp.o(.constdata)
    memp_REASSDATA                           0x08015830   Data          16  memp.o(.constdata)
    memp_FRAG_PBUF                           0x08015840   Data          16  memp.o(.constdata)
    memp_NETBUF                              0x08015850   Data          16  memp.o(.constdata)
    memp_NETCONN                             0x08015860   Data          16  memp.o(.constdata)
    memp_TCPIP_MSG_API                       0x08015870   Data          16  memp.o(.constdata)
    memp_TCPIP_MSG_INPKT                     0x08015880   Data          16  memp.o(.constdata)
    memp_SYS_TIMEOUT                         0x08015890   Data          16  memp.o(.constdata)
    memp_PBUF                                0x080158a0   Data          16  memp.o(.constdata)
    memp_PBUF_POOL                           0x080158b0   Data          16  memp.o(.constdata)
    memp_pools                               0x080158c0   Data          52  memp.o(.constdata)
    tcp_pcb_lists                            0x08015938   Data          16  tcp.o(.constdata)
    lwip_cyclic_timers                       0x08015948   Data          24  timeouts.o(.constdata)
    ip_addr_any                              0x08015960   Data           4  ip4_addr.o(.constdata)
    ip_addr_broadcast                        0x08015964   Data           4  ip4_addr.o(.constdata)
    ipcp_protent                             0x080159a4   Data          32  ipcp.o(.constdata)
    lcp_protent                              0x08015a00   Data          32  lcp.o(.constdata)
    memp_PPP_PCB                             0x08015a20   Data          16  ppp.o(.constdata)
    protocols                                0x08015a30   Data          12  ppp.o(.constdata)
    memp_PPPOS_PCB                           0x08015a3c   Data          16  pppos.o(.constdata)
    os_mutex_def_lwip_sys_mutex              0x08015c68   Data           4  sys_arch.o(.constdata)
    __ctype_table                            0x08015c9c   Data         129  ctype_o.o(.constdata)
    Region$$Table$$Base                      0x08016388   Number         0  anon$$obj.o(Region$$Table)
    Region$$Table$$Limit                     0x080163a8   Number         0  anon$$obj.o(Region$$Table)
    pxCurrentTCB                             0x20000024   Data           4  tasks.o(.data)
    defaultTaskHandle                        0x20000060   Data           4  main.o(.data)
    uwTickFreq                               0x20000064   Data           1  stm32f4xx_hal.o(.data)
    uwTickPrio                               0x20000068   Data           4  stm32f4xx_hal.o(.data)
    uwTick                                   0x2000006c   Data           4  stm32f4xx_hal.o(.data)
    SystemCoreClock                          0x20000070   Data           4  system_stm32f4xx.o(.data)
    cache                                    0x20000074   Data           8  uart_driver.o(.data)
    __stdout                                 0x2000007c   Data           4  common.o(.data)
    lock_tcpip_core                          0x200000d0   Data           4  tcpip.o(.data)
    netif_list                               0x2000011c   Data           4  netif.o(.data)
    netif_default                            0x20000120   Data           4  netif.o(.data)
    pbuf_free_ooseq_pending                  0x20000124   Data           1  pbuf.o(.data)
    tcp_active_pcbs_changed                  0x20000128   Data           1  tcp.o(.data)
    tcp_ticks                                0x20000134   Data           4  tcp.o(.data)
    tcp_bound_pcbs                           0x20000138   Data           4  tcp.o(.data)
    tcp_listen_pcbs                          0x2000013c   Data           4  tcp.o(.data)
    tcp_active_pcbs                          0x20000140   Data           4  tcp.o(.data)
    tcp_tw_pcbs                              0x20000144   Data           4  tcp.o(.data)
    tcp_input_pcb                            0x20000168   Data           4  tcp_in.o(.data)
    udp_pcbs                                 0x2000017c   Data           4  udp.o(.data)
    lwip_sys_mutex                           0x200001ac   Data           4  sys_arch.o(.data)
    ppp_conn_success                         0x200001b0   Data           1  pppapp.o(.data)
    ppp                                      0x200001b4   Data           4  pppapp.o(.data)
    PPP_SEND_TASK_HANDLE                     0x200001b8   Data           4  pppapp.o(.data)
    TCP_CLIENT_TASK_HANDLE                   0x200001bc   Data           4  pppapp.o(.data)
    pcb                                      0x200001c0   Data           4  pppapp.o(.data)
    huart1                                   0x200052bc   Data          64  main.o(.bss)
    huart2                                   0x200052fc   Data          64  main.o(.bss)
    huart3                                   0x2000533c   Data          64  main.o(.bss)
    huart6                                   0x2000537c   Data          64  main.o(.bss)
    hdma_usart1_rx                           0x200053bc   Data          96  main.o(.bss)
    hdma_usart1_tx                           0x2000541c   Data          96  main.o(.bss)
    hdma_usart2_rx                           0x2000547c   Data          96  main.o(.bss)
    hdma_usart2_tx                           0x200054dc   Data          96  main.o(.bss)
    hdma_usart3_rx                           0x2000553c   Data          96  main.o(.bss)
    hdma_usart3_tx                           0x2000559c   Data          96  main.o(.bss)
    hdma_usart6_rx                           0x200055fc   Data          96  main.o(.bss)
    hdma_usart6_tx                           0x2000565c   Data          96  main.o(.bss)
    seqCQueue                                0x200056bc   Data          96  uart_driver.o(.bss)
    UsartType                                0x2000571c   Data        2049  uart_driver.o(.bss)
    rev_buf                                  0x20005f1d   Data        2048  cycle_queue.o(.bss)
    ip_data                                  0x20006720   Data          24  ip.o(.bss)
    ram_heap                                 0x20006738   Data        1619  mem.o(.bss)
    memp_memory_UDP_PCB_base                 0x20006d8b   Data         131  memp.o(.bss)
    memp_memory_TCP_PCB_base                 0x20006e0e   Data         763  memp.o(.bss)
    memp_memory_TCP_PCB_LISTEN_base          0x20007109   Data         227  memp.o(.bss)
    memp_memory_TCP_SEG_base                 0x200071ec   Data         323  memp.o(.bss)
    memp_memory_REASSDATA_base               0x2000732f   Data         163  memp.o(.bss)
    memp_memory_FRAG_PBUF_base               0x200073d2   Data         363  memp.o(.bss)
    memp_memory_NETBUF_base                  0x2000753d   Data          35  memp.o(.bss)
    memp_memory_NETCONN_base                 0x20007560   Data         179  memp.o(.bss)
    memp_memory_TCPIP_MSG_API_base           0x20007613   Data         131  memp.o(.bss)
    memp_memory_TCPIP_MSG_INPKT_base         0x20007696   Data         131  memp.o(.bss)
    memp_memory_SYS_TIMEOUT_base             0x20007719   Data         163  memp.o(.bss)
    memp_memory_PBUF_base                    0x200077bc   Data         259  memp.o(.bss)
    memp_memory_PBUF_POOL_base               0x200078bf   Data        9731  memp.o(.bss)
    memp_memory_PPP_PCB_base                 0x20009ee8   Data        4675  ppp.o(.bss)
    memp_memory_PPPOS_PCB_base               0x2000b12b   Data          99  pppos.o(.bss)
    ppp_netif                                0x2000b190   Data          48  pppapp.o(.bss)
    static_client                            0x2000b1c0   Data         496  test_mqtt.o(.bss)
    __initial_sp                             0x2000c3b0   Data           0  startup_stm32f405xx.o(STACK)



==============================================================================

Memory Map of the image

  Image Entry point : 0x08000189

  Load Region LR_IROM1 (Base: 0x08000000, Size: 0x00016574, Max: 0x00100000, ABSOLUTE, COMPRESSED[0x0001640c])

    Execution Region ER_IROM1 (Base: 0x08000000, Size: 0x000163a8, Max: 0x00100000, ABSOLUTE)

    Base Addr    Size         Type   Attr      Idx    E Section Name        Object

    0x08000000   0x00000188   Data   RO         3612    RESET               startup_stm32f405xx.o
    0x08000188   0x00000000   Code   RO         8894  * .ARM.Collect$$$$00000000  mc_w.l(entry.o)
    0x08000188   0x00000004   Code   RO         9213    .ARM.Collect$$$$00000001  mc_w.l(entry2.o)
    0x0800018c   0x00000004   Code   RO         9216    .ARM.Collect$$$$00000004  mc_w.l(entry5.o)
    0x08000190   0x00000000   Code   RO         9218    .ARM.Collect$$$$00000008  mc_w.l(entry7b.o)
    0x08000190   0x00000000   Code   RO         9220    .ARM.Collect$$$$0000000A  mc_w.l(entry8b.o)
    0x08000190   0x00000008   Code   RO         9221    .ARM.Collect$$$$0000000B  mc_w.l(entry9a.o)
    0x08000198   0x00000000   Code   RO         9223    .ARM.Collect$$$$0000000D  mc_w.l(entry10a.o)
    0x08000198   0x00000000   Code   RO         9225    .ARM.Collect$$$$0000000F  mc_w.l(entry11a.o)
    0x08000198   0x00000004   Code   RO         9214    .ARM.Collect$$$$00002712  mc_w.l(entry2.o)
    0x0800019c   0x000000ba   Code   RO            1    .emb_text           port.o
    0x08000256   0x00000002   PAD
    0x08000258   0x00000024   Code   RO         3613    .text               startup_stm32f405xx.o
    0x0800027c   0x00000062   Code   RO         8897    .text               mc_w.l(uldiv.o)
    0x080002de   0x00000002   PAD
    0x080002e0   0x00000008   Code   RO         8899    .text               mc_w.l(ctype_o.o)
    0x080002e8   0x00000024   Code   RO         8927    .text               mc_w.l(rand.o)
    0x0800030c   0x00000024   Code   RO         8930    .text               mc_w.l(memcpya.o)
    0x08000330   0x00000024   Code   RO         8932    .text               mc_w.l(memseta.o)
    0x08000354   0x0000000e   Code   RO         8936    .text               mc_w.l(strlen.o)
    0x08000362   0x0000001c   Code   RO         8938    .text               mc_w.l(strcmp.o)
    0x0800037e   0x0000001a   Code   RO         8940    .text               mc_w.l(memcmp.o)
    0x08000398   0x0000001e   Code   RO         9229    .text               mc_w.l(llshl.o)
    0x080003b6   0x00000020   Code   RO         9231    .text               mc_w.l(llushr.o)
    0x080003d6   0x00000002   PAD
    0x080003d8   0x00000024   Code   RO         9250    .text               mc_w.l(init.o)
    0x080003fc   0x00000056   Code   RO         9271    .text               mc_w.l(__dczerorl2.o)
    0x08000452   0x00000002   Code   RO         1134    i.BusFault_Handler  stm32f4xx_it.o
    0x08000454   0x0000000c   Code   RO         1135    i.DMA1_Stream1_IRQHandler  stm32f4xx_it.o
    0x08000460   0x0000000c   Code   RO         1136    i.DMA1_Stream3_IRQHandler  stm32f4xx_it.o
    0x0800046c   0x0000000c   Code   RO         1137    i.DMA1_Stream5_IRQHandler  stm32f4xx_it.o
    0x08000478   0x0000000c   Code   RO         1138    i.DMA1_Stream6_IRQHandler  stm32f4xx_it.o
    0x08000484   0x0000000c   Code   RO         1139    i.DMA2_Stream1_IRQHandler  stm32f4xx_it.o
    0x08000490   0x0000000c   Code   RO         1140    i.DMA2_Stream2_IRQHandler  stm32f4xx_it.o
    0x0800049c   0x0000000c   Code   RO         1141    i.DMA2_Stream6_IRQHandler  stm32f4xx_it.o
    0x080004a8   0x0000000c   Code   RO         1142    i.DMA2_Stream7_IRQHandler  stm32f4xx_it.o
    0x080004b4   0x00000028   Code   RO         2271    i.DMA_CalcBaseAndBitshift  stm32f4xx_hal_dma.o
    0x080004dc   0x00000054   Code   RO         2272    i.DMA_CheckFifoParam  stm32f4xx_hal_dma.o
    0x08000530   0x00000028   Code   RO         2273    i.DMA_SetConfig     stm32f4xx_hal_dma.o
    0x08000558   0x00000002   Code   RO         1143    i.DebugMon_Handler  stm32f4xx_it.o
    0x0800055a   0x0000008e   Code   RO         2274    i.HAL_DMA_Abort     stm32f4xx_hal_dma.o
    0x080005e8   0x00000024   Code   RO         2275    i.HAL_DMA_Abort_IT  stm32f4xx_hal_dma.o
    0x0800060c   0x000001a0   Code   RO         2279    i.HAL_DMA_IRQHandler  stm32f4xx_hal_dma.o
    0x080007ac   0x000000d4   Code   RO         2280    i.HAL_DMA_Init      stm32f4xx_hal_dma.o
    0x08000880   0x00000078   Code   RO         2284    i.HAL_DMA_Start_IT  stm32f4xx_hal_dma.o
    0x080008f8   0x000001b0   Code   RO         2515    i.HAL_GPIO_Init     stm32f4xx_hal_gpio.o
    0x08000aa8   0x0000000a   Code   RO         2519    i.HAL_GPIO_WritePin  stm32f4xx_hal_gpio.o
    0x08000ab2   0x00000002   PAD
    0x08000ab4   0x0000000c   Code   RO         1795    i.HAL_GetTick       stm32f4xx_hal.o
    0x08000ac0   0x00000010   Code   RO         1799    i.HAL_IncTick       stm32f4xx_hal.o
    0x08000ad0   0x00000034   Code   RO         1800    i.HAL_Init          stm32f4xx_hal.o
    0x08000b04   0x00000040   Code   RO         1801    i.HAL_InitTick      stm32f4xx_hal.o
    0x08000b44   0x00000058   Code   RO         1348    i.HAL_MspInit       stm32f4xx_hal_msp.o
    0x08000b9c   0x0000008e   Code   RO         3000    i.HAL_MultiProcessor_Init  stm32f4xx_hal_uart.o
    0x08000c2a   0x00000016   Code   RO         2382    i.HAL_NVIC_EnableIRQ  stm32f4xx_hal_cortex.o
    0x08000c40   0x00000040   Code   RO         2388    i.HAL_NVIC_SetPriority  stm32f4xx_hal_cortex.o
    0x08000c80   0x00000024   Code   RO         2389    i.HAL_NVIC_SetPriorityGrouping  stm32f4xx_hal_cortex.o
    0x08000ca4   0x00000130   Code   RO         2597    i.HAL_RCC_ClockConfig  stm32f4xx_hal_rcc.o
    0x08000dd4   0x0000000c   Code   RO         2602    i.HAL_RCC_GetHCLKFreq  stm32f4xx_hal_rcc.o
    0x08000de0   0x00000020   Code   RO         2604    i.HAL_RCC_GetPCLK1Freq  stm32f4xx_hal_rcc.o
    0x08000e00   0x00000020   Code   RO         2605    i.HAL_RCC_GetPCLK2Freq  stm32f4xx_hal_rcc.o
    0x08000e20   0x00000060   Code   RO         2606    i.HAL_RCC_GetSysClockFreq  stm32f4xx_hal_rcc.o
    0x08000e80   0x0000031c   Code   RO         2609    i.HAL_RCC_OscConfig  stm32f4xx_hal_rcc.o
    0x0800119c   0x00000018   Code   RO         2391    i.HAL_SYSTICK_CLKSourceConfig  stm32f4xx_hal_cortex.o
    0x080011b4   0x00000028   Code   RO         2393    i.HAL_SYSTICK_Config  stm32f4xx_hal_cortex.o
    0x080011dc   0x0000003a   Code   RO         3006    i.HAL_UART_AbortTransmit  stm32f4xx_hal_uart.o
    0x08001216   0x0000005e   Code   RO         3011    i.HAL_UART_DMAResume  stm32f4xx_hal_uart.o
    0x08001274   0x00000058   Code   RO         3012    i.HAL_UART_DMAStop  stm32f4xx_hal_uart.o
    0x080012cc   0x00000002   Code   RO         3014    i.HAL_UART_ErrorCallback  stm32f4xx_hal_uart.o
    0x080012ce   0x00000002   PAD
    0x080012d0   0x00000110   Code   RO         3017    i.HAL_UART_IRQHandler  stm32f4xx_hal_uart.o
    0x080013e0   0x00000324   Code   RO         1352    i.HAL_UART_MspInit  stm32f4xx_hal_msp.o
    0x08001704   0x00000098   Code   RO         3022    i.HAL_UART_Receive_DMA  stm32f4xx_hal_uart.o
    0x0800179c   0x00000002   Code   RO         3024    i.HAL_UART_RxCpltCallback  stm32f4xx_hal_uart.o
    0x0800179e   0x00000002   Code   RO         3025    i.HAL_UART_RxHalfCpltCallback  stm32f4xx_hal_uart.o
    0x080017a0   0x000000ba   Code   RO         3026    i.HAL_UART_Transmit  stm32f4xx_hal_uart.o
    0x0800185a   0x00000002   PAD
    0x0800185c   0x00000088   Code   RO         3027    i.HAL_UART_Transmit_DMA  stm32f4xx_hal_uart.o
    0x080018e4   0x0000000c   Code   RO         3620    i.HAL_UART_TxCpltCallback  uart_driver.o
    0x080018f0   0x00000002   Code   RO         3030    i.HAL_UART_TxHalfCpltCallback  stm32f4xx_hal_uart.o
    0x080018f2   0x00000002   Code   RO         1144    i.HardFault_Handler  stm32f4xx_it.o
    0x080018f4   0x00000018   Code   RO         3621    i.InitPeripherals   uart_driver.o
    0x0800190c   0x00000088   Code   RO         7367    i.LcpEchoCheck      lcp.o
    0x08001994   0x00000014   Code   RO         7368    i.LcpEchoTimeout    lcp.o
    0x080019a8   0x000000e0   Code   RO         7369    i.LcpSendEchoRequest  lcp.o
    0x08001a88   0x000000cc   Code   RO         1397    i.MX_DMA_Init       main.o
    0x08001b54   0x000000fc   Code   RO         1398    i.MX_GPIO_Init      main.o
    0x08001c50   0x00000034   Code   RO         1399    i.MX_USART1_UART_Init  main.o
    0x08001c84   0x00000040   Code   RO         1400    i.MX_USART2_UART_Init  main.o
    0x08001cc4   0x00000034   Code   RO         1401    i.MX_USART3_UART_Init  main.o
    0x08001cf8   0x00000034   Code   RO         1402    i.MX_USART6_UART_Init  main.o
    0x08001d2c   0x00000002   Code   RO         1145    i.MemManage_Handler  stm32f4xx_it.o
    0x08001d2e   0x00000002   Code   RO         1146    i.NMI_Handler       stm32f4xx_it.o
    0x08001d30   0x00000020   Code   RO         2395    i.NVIC_SetPriority  stm32f4xx_hal_cortex.o
    0x08001d50   0x0000004c   Code   RO         8544    i.PRINT             pppapp.o
    0x08001d9c   0x00000044   Code   RO         8545    i.PppRead           pppapp.o
    0x08001de0   0x0000004c   Code   RO         3816    i.QueueAppend       cycle_queue.o
    0x08001e2c   0x00000042   Code   RO         3817    i.QueueDelete       cycle_queue.o
    0x08001e6e   0x00000002   PAD
    0x08001e70   0x00000034   Code   RO         3818    i.QueueInitiate     cycle_queue.o
    0x08001ea4   0x00000034   Code   RO         3819    i.QueueNotEmpty     cycle_queue.o
    0x08001ed8   0x00000010   Code   RO         1403    i.StartDefaultTask  main.o
    0x08001ee8   0x0000000e   Code   RO         1147    i.SysTick_Handler   stm32f4xx_it.o
    0x08001ef6   0x00000002   PAD
    0x08001ef8   0x000000a0   Code   RO         1404    i.SystemClock_Config  main.o
    0x08001f98   0x00000054   Code   RO         3576    i.SystemInit        system_stm32f4xx.o
    0x08001fec   0x00000010   Code   RO         3031    i.UART_DMAAbortOnError  stm32f4xx_hal_uart.o
    0x08001ffc   0x0000004a   Code   RO         3032    i.UART_DMAError     stm32f4xx_hal_uart.o
    0x08002046   0x0000003c   Code   RO         3033    i.UART_DMAReceiveCplt  stm32f4xx_hal_uart.o
    0x08002082   0x0000000a   Code   RO         3035    i.UART_DMARxHalfCplt  stm32f4xx_hal_uart.o
    0x0800208c   0x0000002e   Code   RO         3037    i.UART_DMATransmitCplt  stm32f4xx_hal_uart.o
    0x080020ba   0x0000000a   Code   RO         3039    i.UART_DMATxHalfCplt  stm32f4xx_hal_uart.o
    0x080020c4   0x0000001c   Code   RO         3041    i.UART_EndRxTransfer  stm32f4xx_hal_uart.o
    0x080020e0   0x00000012   Code   RO         3042    i.UART_EndTxTransfer  stm32f4xx_hal_uart.o
    0x080020f2   0x0000008c   Code   RO         3043    i.UART_Receive_IT   stm32f4xx_hal_uart.o
    0x0800217e   0x00000002   PAD
    0x08002180   0x000002ac   Code   RO         3044    i.UART_SetConfig    stm32f4xx_hal_uart.o
    0x0800242c   0x00000062   Code   RO         3045    i.UART_Transmit_IT  stm32f4xx_hal_uart.o
    0x0800248e   0x00000064   Code   RO         3046    i.UART_WaitOnFlagUntilTimeout  stm32f4xx_hal_uart.o
    0x080024f2   0x00000002   PAD
    0x080024f4   0x00000018   Code   RO         3625    i.USART2_IRQHandler  uart_driver.o
    0x0800250c   0x00000018   Code   RO         3626    i.USART3_IRQHandler  uart_driver.o
    0x08002524   0x000000c8   Code   RO         3627    i.UartDmaSendData   uart_driver.o
    0x080025ec   0x00000094   Code   RO         3628    i.UartIdleReceiveData  uart_driver.o
    0x08002680   0x00000002   Code   RO         1148    i.UsageFault_Handler  stm32f4xx_it.o
    0x08002682   0x00000002   Code   RO         1405    i._Error_Handler    main.o
    0x08002684   0x00000020   Code   RO         9155    i.__0printf$8       mc_w.l(printf8.o)
    0x080026a4   0x0000000e   Code   RO         9265    i.__scatterload_copy  mc_w.l(handlers.o)
    0x080026b2   0x00000002   Code   RO         9266    i.__scatterload_null  mc_w.l(handlers.o)
    0x080026b4   0x0000000e   Code   RO         9267    i.__scatterload_zeroinit  mc_w.l(handlers.o)
    0x080026c2   0x00000002   PAD
    0x080026c4   0x00000410   Code   RO         9162    i._printf_core      mc_w.l(printf8.o)
    0x08002ad4   0x00000024   Code   RO         9163    i._printf_post_padding  mc_w.l(printf8.o)
    0x08002af8   0x0000002e   Code   RO         9164    i._printf_pre_padding  mc_w.l(printf8.o)
    0x08002b26   0x00000002   PAD
    0x08002b28   0x0000001c   Code   RO         7649    i.cifaddr           ppp.o
    0x08002b44   0x00000028   Code   RO         8546    i.connect_to_server  pppapp.o
    0x08002b6c   0x00000070   Code   RO         6853    i.continue_networks  auth.o
    0x08002bdc   0x00000044   Code   RO         6152    i.cyclic_timer      timeouts.o
    0x08002c20   0x00000098   Code   RO         5107    i.do_memp_free_pool  memp.o
    0x08002cb8   0x000000d8   Code   RO         5108    i.do_memp_malloc_pool  memp.o
    0x08002d90   0x00000068   Code   RO         8634    i.example_do_connect  test_mqtt.o
    0x08002df8   0x0000009c   Code   RO         8635    i.example_publish   test_mqtt.o
    0x08002e94   0x00000018   Code   RO         1406    i.fputc             main.o
    0x08002eac   0x00000052   Code   RO         7100    i.fsm_close         fsm.o
    0x08002efe   0x00000012   Code   RO         7101    i.fsm_init          fsm.o
    0x08002f10   0x00000108   Code   RO         7102    i.fsm_input         fsm.o
    0x08003018   0x00000058   Code   RO         7103    i.fsm_lowerdown     fsm.o
    0x08003070   0x00000028   Code   RO         7104    i.fsm_lowerup       fsm.o
    0x08003098   0x0000005e   Code   RO         7105    i.fsm_open          fsm.o
    0x080030f6   0x00000002   PAD
    0x080030f8   0x00000054   Code   RO         7106    i.fsm_protreject    fsm.o
    0x0800314c   0x000000dc   Code   RO         7107    i.fsm_rconfack      fsm.o
    0x08003228   0x00000124   Code   RO         7108    i.fsm_rconfnakrej   fsm.o
    0x0800334c   0x000000c8   Code   RO         7109    i.fsm_rconfreq      fsm.o
    0x08003414   0x0000005c   Code   RO         7110    i.fsm_rtermack      fsm.o
    0x08003470   0x000000c8   Code   RO         7111    i.fsm_rtermreq      fsm.o
    0x08003538   0x00000190   Code   RO         7112    i.fsm_sconfreq      fsm.o
    0x080036c8   0x00000088   Code   RO         7113    i.fsm_sdata         fsm.o
    0x08003750   0x000000e8   Code   RO         7114    i.fsm_timeout       fsm.o
    0x08003838   0x00000006   Code   RO         7650    i.get_mask          ppp.o
    0x0800383e   0x00000008   Code   RO         6589    i.icmp_dest_unreach  icmp.o
    0x08003846   0x00000002   PAD
    0x08003848   0x00000420   Code   RO         6590    i.icmp_input        icmp.o
    0x08003c68   0x000001a8   Code   RO         6591    i.icmp_send_response  icmp.o
    0x08003e10   0x00000008   Code   RO         6592    i.icmp_time_exceeded  icmp.o
    0x08003e18   0x0000000c   Code   RO          364    i.inHandlerMode     cmsis_os.o
    0x08003e24   0x0000000c   Code   RO         4852    i.inet_chksum       inet_chksum.o
    0x08003e30   0x00000028   Code   RO         4854    i.inet_chksum_pseudo  inet_chksum.o
    0x08003e58   0x000000f0   Code   RO         4856    i.inet_cksum_pseudo_base  inet_chksum.o
    0x08003f48   0x0000002e   Code   RO         6711    i.ip4_addr_isbroadcast_u32  ip4_addr.o
    0x08003f76   0x00000002   PAD
    0x08003f78   0x000001ec   Code   RO         6651    i.ip4_debug_print   ip4.o
    0x08004164   0x0000024c   Code   RO         6777    i.ip4_frag          ip4_frag.o
    0x080043b0   0x000003f4   Code   RO         6652    i.ip4_input         ip4.o
    0x080047a4   0x0000001e   Code   RO         6654    i.ip4_output_if     ip4.o
    0x080047c2   0x00000002   PAD
    0x080047c4   0x0000023c   Code   RO         6655    i.ip4_output_if_src  ip4.o
    0x08004a00   0x000002d0   Code   RO         6778    i.ip4_reass         ip4_frag.o
    0x08004cd0   0x00000090   Code   RO         6656    i.ip4_route         ip4.o
    0x08004d60   0x0000000c   Code   RO         6714    i.ip4addr_ntoa      ip4_addr.o
    0x08004d6c   0x00000078   Code   RO         6715    i.ip4addr_ntoa_r    ip4_addr.o
    0x08004de4   0x0000000c   Code   RO         4858    i.ip_chksum_pseudo  inet_chksum.o
    0x08004df0   0x0000007c   Code   RO         6779    i.ip_frag_free_pbuf_custom_ref  ip4_frag.o
    0x08004e6c   0x0000024c   Code   RO         6780    i.ip_reass_chain_frag_into_datagram_and_validate  ip4_frag.o
    0x080050b8   0x000000a4   Code   RO         6781    i.ip_reass_dequeue_datagram  ip4_frag.o
    0x0800515c   0x0000007c   Code   RO         6782    i.ip_reass_enqueue_new_datagram  ip4_frag.o
    0x080051d8   0x00000178   Code   RO         6783    i.ip_reass_free_complete_datagram  ip4_frag.o
    0x08005350   0x00000080   Code   RO         6784    i.ip_reass_remove_oldest_datagram  ip4_frag.o
    0x080053d0   0x00000078   Code   RO         6785    i.ip_reass_tmr      ip4_frag.o
    0x08005448   0x00000108   Code   RO         7224    i.ipcp_ackci        ipcp.o
    0x08005550   0x000000ec   Code   RO         7225    i.ipcp_addci        ipcp.o
    0x0800563c   0x00000080   Code   RO         7226    i.ipcp_cilen        ipcp.o
    0x080056bc   0x0000000a   Code   RO         7227    i.ipcp_close        ipcp.o
    0x080056c6   0x00000044   Code   RO         7228    i.ipcp_down         ipcp.o
    0x0800570a   0x00000016   Code   RO         7229    i.ipcp_finished     ipcp.o
    0x08005720   0x00000068   Code   RO         7230    i.ipcp_init         ipcp.o
    0x08005788   0x0000000a   Code   RO         7231    i.ipcp_input        ipcp.o
    0x08005792   0x0000000a   Code   RO         7232    i.ipcp_lowerdown    ipcp.o
    0x0800579c   0x0000000a   Code   RO         7233    i.ipcp_lowerup      ipcp.o
    0x080057a6   0x00000272   Code   RO         7234    i.ipcp_nakci        ipcp.o
    0x08005a18   0x00000018   Code   RO         7235    i.ipcp_open         ipcp.o
    0x08005a30   0x0000000a   Code   RO         7236    i.ipcp_protrej      ipcp.o
    0x08005a3a   0x00000124   Code   RO         7237    i.ipcp_rejci        ipcp.o
    0x08005b5e   0x0000036a   Code   RO         7238    i.ipcp_reqci        ipcp.o
    0x08005ec8   0x0000006c   Code   RO         7239    i.ipcp_resetci      ipcp.o
    0x08005f34   0x00000278   Code   RO         7240    i.ipcp_up           ipcp.o
    0x080061ac   0x00000084   Code   RO         6786    i.ipfrag_free_pbuf_custom  ip4_frag.o
    0x08006230   0x00000168   Code   RO         7370    i.lcp_ackci         lcp.o
    0x08006398   0x00000144   Code   RO         7371    i.lcp_addci         lcp.o
    0x080064dc   0x00000066   Code   RO         7372    i.lcp_cilen         lcp.o
    0x08006542   0x00000002   PAD
    0x08006544   0x00000054   Code   RO         7373    i.lcp_close         lcp.o
    0x08006598   0x00000012   Code   RO         7374    i.lcp_delayed_up    lcp.o
    0x080065aa   0x00000002   PAD
    0x080065ac   0x00000064   Code   RO         7375    i.lcp_down          lcp.o
    0x08006610   0x00000060   Code   RO         7376    i.lcp_extcode       lcp.o
    0x08006670   0x00000006   Code   RO         7377    i.lcp_finished      lcp.o
    0x08006676   0x00000002   PAD
    0x08006678   0x00000060   Code   RO         7378    i.lcp_init          lcp.o
    0x080066d8   0x00000038   Code   RO         7379    i.lcp_input         lcp.o
    0x08006710   0x00000020   Code   RO         7380    i.lcp_lowerdown     lcp.o
    0x08006730   0x00000094   Code   RO         7381    i.lcp_lowerup       lcp.o
    0x080067c4   0x00000304   Code   RO         7382    i.lcp_nakci         lcp.o
    0x08006ac8   0x0000002e   Code   RO         7383    i.lcp_open          lcp.o
    0x08006af6   0x00000002   PAD
    0x08006af8   0x0000003c   Code   RO         7384    i.lcp_protrej       lcp.o
    0x08006b34   0x000000a0   Code   RO         7385    i.lcp_received_echo_reply  lcp.o
    0x08006bd4   0x000001a6   Code   RO         7386    i.lcp_rejci         lcp.o
    0x08006d7a   0x00000002   PAD
    0x08006d7c   0x000002ec   Code   RO         7387    i.lcp_reqci         lcp.o
    0x08007068   0x00000048   Code   RO         7388    i.lcp_resetci       lcp.o
    0x080070b0   0x000000a0   Code   RO         7389    i.lcp_rprotrej      lcp.o
    0x08007150   0x0000001a   Code   RO         7390    i.lcp_sprotrej      lcp.o
    0x0800716a   0x00000006   Code   RO         7391    i.lcp_starting      lcp.o
    0x08007170   0x000000f4   Code   RO         7392    i.lcp_up            lcp.o
    0x08007264   0x0000001e   Code   RO         6854    i.link_down         auth.o
    0x08007282   0x00000002   PAD
    0x08007284   0x00000038   Code   RO         6855    i.link_established  auth.o
    0x080072bc   0x00000002   Code   RO         6856    i.link_required     auth.o
    0x080072be   0x00000002   PAD
    0x080072c0   0x00000044   Code   RO         6857    i.link_terminated   auth.o
    0x08007304   0x000000cc   Code   RO         8548    i.lwip_comm_init    pppapp.o
    0x080073d0   0x00000004   Code   RO         4779    i.lwip_htonl        def.o
    0x080073d4   0x00000004   Code   RO         4780    i.lwip_htons        def.o
    0x080073d8   0x00000026   Code   RO         4925    i.lwip_init         init.o
    0x080073fe   0x00000002   PAD
    0x08007400   0x00000058   Code   RO         4860    i.lwip_standard_chksum  inet_chksum.o
    0x08007458   0x0000002c   Code   RO         4259    i.lwip_strerr       err.o
    0x08007484   0x00000014   Code   RO         7545    i.magic             magic.o
    0x08007498   0x00000014   Code   RO         7546    i.magic_init        magic.o
    0x080074ac   0x00000014   Code   RO         7549    i.magic_randomize   magic.o
    0x080074c0   0x00000050   Code   RO         1407    i.main              main.o
    0x08007510   0x0000000c   Code   RO          366    i.makeFreeRtosPriority  cmsis_os.o
    0x0800751c   0x00000174   Code   RO         5041    i.mem_free          mem.o
    0x08007690   0x000000b4   Code   RO         5042    i.mem_init          mem.o
    0x08007744   0x00000234   Code   RO         5043    i.mem_malloc        mem.o
    0x08007978   0x000001b4   Code   RO         5044    i.mem_trim          mem.o
    0x08007b2c   0x0000008c   Code   RO         5109    i.memp_free         memp.o
    0x08007bb8   0x00000078   Code   RO         5110    i.memp_free_pool    memp.o
    0x08007c30   0x00000020   Code   RO         5111    i.memp_init         memp.o
    0x08007c50   0x0000002a   Code   RO         5112    i.memp_init_pool    memp.o
    0x08007c7a   0x00000002   PAD
    0x08007c7c   0x00000094   Code   RO         5113    i.memp_malloc       memp.o
    0x08007d10   0x0000007c   Code   RO         5114    i.memp_malloc_pool  memp.o
    0x08007d8c   0x000000fc   Code   RO         8705    i.mqtt_append_request  mqtt.o
    0x08007e88   0x00000054   Code   RO         8706    i.mqtt_clear_requests  mqtt.o
    0x08007edc   0x00000428   Code   RO         8707    i.mqtt_client_connect  mqtt.o
    0x08008304   0x000000dc   Code   RO         8710    i.mqtt_close        mqtt.o
    0x080083e0   0x000000e0   Code   RO         8636    i.mqtt_connection_cb  test_mqtt.o
    0x080084c0   0x000000c0   Code   RO         8711    i.mqtt_create_request  mqtt.o
    0x08008580   0x0000014c   Code   RO         8712    i.mqtt_cyclic_timer  mqtt.o
    0x080086cc   0x000000c4   Code   RO         8637    i.mqtt_incoming_data_cb  test_mqtt.o
    0x08008790   0x00000070   Code   RO         8638    i.mqtt_incoming_publish_cb  test_mqtt.o
    0x08008800   0x00000002   Code   RO         8639    i.mqtt_init         test_mqtt.o
    0x08008802   0x00000002   PAD
    0x08008804   0x00000050   Code   RO         8714    i.mqtt_init_requests  mqtt.o
    0x08008854   0x0000017c   Code   RO         8715    i.mqtt_message_received  mqtt.o
    0x080089d0   0x00000044   Code   RO         8716    i.mqtt_output_append_fixed_header  mqtt.o
    0x08008a14   0x00000038   Code   RO         8717    i.mqtt_output_append_string  mqtt.o
    0x08008a4c   0x0000001e   Code   RO         8718    i.mqtt_output_append_u16  mqtt.o
    0x08008a6a   0x0000000e   Code   RO         8719    i.mqtt_output_append_u8  mqtt.o
    0x08008a78   0x000000ac   Code   RO         8720    i.mqtt_output_check_space  mqtt.o
    0x08008b24   0x00000138   Code   RO         8721    i.mqtt_output_send  mqtt.o
    0x08008c5c   0x00000120   Code   RO         8722    i.mqtt_parse_incoming  mqtt.o
    0x08008d7c   0x00000020   Code   RO         8640    i.mqtt_pub_request_cb  test_mqtt.o
    0x08008d9c   0x0000022c   Code   RO         8723    i.mqtt_publish      mqtt.o
    0x08008fc8   0x000000c8   Code   RO         8724    i.mqtt_request_time_elapsed  mqtt.o
    0x08009090   0x0000009c   Code   RO         8725    i.mqtt_set_inpub_callback  mqtt.o
    0x0800912c   0x00000020   Code   RO         8641    i.mqtt_sub_request_cb  test_mqtt.o
    0x0800914c   0x00000214   Code   RO         8726    i.mqtt_sub_unsub    mqtt.o
    0x08009360   0x000000bc   Code   RO         8727    i.mqtt_take_request  mqtt.o
    0x0800941c   0x00000070   Code   RO         8728    i.mqtt_tcp_connect_cb  mqtt.o
    0x0800948c   0x00000094   Code   RO         8729    i.mqtt_tcp_err_cb   mqtt.o
    0x08009520   0x00000012   Code   RO         8730    i.mqtt_tcp_poll_cb  mqtt.o
    0x08009532   0x00000002   PAD
    0x08009534   0x00000114   Code   RO         8731    i.mqtt_tcp_recv_cb  mqtt.o
    0x08009648   0x0000003e   Code   RO         8732    i.mqtt_tcp_sent_cb  mqtt.o
    0x08009686   0x00000014   Code   RO         8733    i.msg_generate_packet_id  mqtt.o
    0x0800969a   0x00000002   PAD
    0x0800969c   0x000001b4   Code   RO         5267    i.netif_add         netif.o
    0x08009850   0x00000002   Code   RO         5269    i.netif_init        netif.o
    0x08009852   0x00000048   Code   RO         5272    i.netif_set_addr    netif.o
    0x0800989a   0x00000002   PAD
    0x0800989c   0x00000048   Code   RO         5273    i.netif_set_default  netif.o
    0x080098e4   0x0000005c   Code   RO         5275    i.netif_set_gw      netif.o
    0x08009940   0x000000c0   Code   RO         5276    i.netif_set_ipaddr  netif.o
    0x08009a00   0x00000012   Code   RO         5277    i.netif_set_link_down  netif.o
    0x08009a12   0x00000012   Code   RO         5278    i.netif_set_link_up  netif.o
    0x08009a24   0x00000030   Code   RO         7652    i.netif_set_mtu     ppp.o
    0x08009a54   0x0000005c   Code   RO         5279    i.netif_set_netmask  netif.o
    0x08009ab0   0x00000038   Code   RO         7653    i.new_phase         ppp.o
    0x08009ae8   0x00000018   Code   RO         6858    i.np_down           auth.o
    0x08009b00   0x00000038   Code   RO         6859    i.np_finished       auth.o
    0x08009b38   0x0000001c   Code   RO         6860    i.np_up             auth.o
    0x08009b54   0x0000000e   Code   RO          368    i.osDelay           cmsis_os.o
    0x08009b62   0x0000000a   Code   RO          371    i.osKernelStart     cmsis_os.o
    0x08009b6c   0x00000018   Code   RO          372    i.osKernelSysTick   cmsis_os.o
    0x08009b84   0x00000008   Code   RO          380    i.osMessageCreate   cmsis_os.o
    0x08009b8c   0x00000098   Code   RO          382    i.osMessageGet      cmsis_os.o
    0x08009c24   0x0000005c   Code   RO          384    i.osMessagePut      cmsis_os.o
    0x08009c80   0x00000006   Code   RO          386    i.osMutexCreate     cmsis_os.o
    0x08009c86   0x00000002   PAD
    0x08009c88   0x00000050   Code   RO          388    i.osMutexRelease    cmsis_os.o
    0x08009cd8   0x00000068   Code   RO          389    i.osMutexWait       cmsis_os.o
    0x08009d40   0x00000014   Code   RO          404    i.osSystickHandler  cmsis_os.o
    0x08009d54   0x0000002e   Code   RO          405    i.osThreadCreate    cmsis_os.o
    0x08009d82   0x00000002   PAD
    0x08009d84   0x00000028   Code   RO         8549    i.output_cb         pppapp.o
    0x08009dac   0x00000434   Code   RO         5393    i.pbuf_alloc        pbuf.o
    0x0800a1e0   0x00000140   Code   RO         5394    i.pbuf_alloced_custom  pbuf.o
    0x0800a320   0x00000120   Code   RO         5395    i.pbuf_cat          pbuf.o
    0x0800a440   0x00000040   Code   RO         5396    i.pbuf_chain        pbuf.o
    0x0800a480   0x00000012   Code   RO         5397    i.pbuf_clen         pbuf.o
    0x0800a492   0x00000002   PAD
    0x0800a494   0x00000220   Code   RO         5399    i.pbuf_copy         pbuf.o
    0x0800a6b4   0x0000010c   Code   RO         5400    i.pbuf_copy_partial  pbuf.o
    0x0800a7c0   0x00000154   Code   RO         5401    i.pbuf_dechain      pbuf.o
    0x0800a914   0x000001fc   Code   RO         5402    i.pbuf_free         pbuf.o
    0x0800ab10   0x0000006c   Code   RO         5403    i.pbuf_free_ooseq_callback  pbuf.o
    0x0800ab7c   0x00000012   Code   RO         5404    i.pbuf_get_at       pbuf.o
    0x0800ab8e   0x00000006   Code   RO         5405    i.pbuf_header       pbuf.o
    0x0800ab94   0x00000006   Code   RO         5406    i.pbuf_header_force  pbuf.o
    0x0800ab9a   0x00000002   PAD
    0x0800ab9c   0x00000154   Code   RO         5407    i.pbuf_header_impl  pbuf.o
    0x0800acf0   0x00000040   Code   RO         5410    i.pbuf_pool_is_empty  pbuf.o
    0x0800ad30   0x00000184   Code   RO         5412    i.pbuf_realloc      pbuf.o
    0x0800aeb4   0x0000008c   Code   RO         5413    i.pbuf_ref          pbuf.o
    0x0800af40   0x00000018   Code   RO         5415    i.pbuf_skip_const   pbuf.o
    0x0800af58   0x0000016c   Code   RO         5417    i.pbuf_take         pbuf.o
    0x0800b0c4   0x00000020   Code   RO         5419    i.pbuf_try_get_at   pbuf.o
    0x0800b0e4   0x0000016c   Code   RO         5045    i.plug_holes        mem.o
    0x0800b250   0x0000007c   Code   RO         7655    i.ppp_connect       ppp.o
    0x0800b2cc   0x00000014   Code   RO         8199    i.ppp_dbglog        utils.o
    0x0800b2e0   0x000000c0   Code   RO         7656    i.ppp_do_connect    ppp.o
    0x0800b3a0   0x00000014   Code   RO         8200    i.ppp_error         utils.o
    0x0800b3b4   0x00000014   Code   RO         8202    i.ppp_info          utils.o
    0x0800b3c8   0x00000020   Code   RO         7658    i.ppp_init          ppp.o
    0x0800b3e8   0x00000290   Code   RO         7659    i.ppp_input         ppp.o
    0x0800b678   0x00000048   Code   RO         7661    i.ppp_link_end      ppp.o
    0x0800b6c0   0x0000006c   Code   RO         7663    i.ppp_link_terminated  ppp.o
    0x0800b72c   0x00000034   Code   RO         8203    i.ppp_logit         utils.o
    0x0800b760   0x0000001c   Code   RO         7664    i.ppp_netif_init_cb  ppp.o
    0x0800b77c   0x000000c0   Code   RO         7665    i.ppp_netif_output  ppp.o
    0x0800b83c   0x00000006   Code   RO         7666    i.ppp_netif_output_ip4  ppp.o
    0x0800b842   0x00000002   PAD
    0x0800b844   0x000000c8   Code   RO         7667    i.ppp_new           ppp.o
    0x0800b90c   0x00000014   Code   RO         8204    i.ppp_notice        utils.o
    0x0800b920   0x0000003c   Code   RO         7668    i.ppp_recv_config   ppp.o
    0x0800b95c   0x0000003c   Code   RO         7669    i.ppp_send_config   ppp.o
    0x0800b998   0x00000080   Code   RO         7670    i.ppp_singlebuf     ppp.o
    0x0800ba18   0x00000012   Code   RO         8206    i.ppp_slprintf      utils.o
    0x0800ba2a   0x00000002   PAD
    0x0800ba2c   0x00000068   Code   RO         7671    i.ppp_start         ppp.o
    0x0800ba94   0x00000414   Code   RO         8209    i.ppp_vslprintf     utils.o
    0x0800bea8   0x00000014   Code   RO         8210    i.ppp_warn          utils.o
    0x0800bebc   0x0000000a   Code   RO         7672    i.ppp_write         ppp.o
    0x0800bec6   0x00000002   PAD
    0x0800bec8   0x0000005c   Code   RO         8044    i.pppos_connect     pppos.o
    0x0800bf24   0x0000004c   Code   RO         8045    i.pppos_create      pppos.o
    0x0800bf70   0x00000010   Code   RO         8046    i.pppos_destroy     pppos.o
    0x0800bf80   0x0000001c   Code   RO         8047    i.pppos_disconnect  pppos.o
    0x0800bf9c   0x000002d8   Code   RO         8048    i.pppos_input       pppos.o
    0x0800c274   0x0000004c   Code   RO         8049    i.pppos_input_drop  pppos.o
    0x0800c2c0   0x00000022   Code   RO         8050    i.pppos_input_free_current_packet  pppos.o
    0x0800c2e2   0x00000024   Code   RO         8051    i.pppos_input_sys   pppos.o
    0x0800c306   0x00000002   PAD
    0x0800c308   0x00000044   Code   RO         8052    i.pppos_input_tcpip  pppos.o
    0x0800c34c   0x000001ac   Code   RO         8053    i.pppos_netif_output  pppos.o
    0x0800c4f8   0x00000098   Code   RO         8054    i.pppos_output_append  pppos.o
    0x0800c590   0x00000086   Code   RO         8055    i.pppos_output_last  pppos.o
    0x0800c616   0x00000002   PAD
    0x0800c618   0x00000068   Code   RO         8056    i.pppos_recv_config  pppos.o
    0x0800c680   0x00000070   Code   RO         8057    i.pppos_send_config  pppos.o
    0x0800c6f0   0x0000011c   Code   RO         8058    i.pppos_write       pppos.o
    0x0800c80c   0x00000070   Code   RO          846    i.prvAddCurrentTaskToDelayedList  tasks.o
    0x0800c87c   0x000000d0   Code   RO          847    i.prvAddNewTaskToReadyList  tasks.o
    0x0800c94c   0x00000050   Code   RO          848    i.prvCheckTasksWaitingTermination  tasks.o
    0x0800c99c   0x00000026   Code   RO          107    i.prvCopyDataFromQueue  queue.o
    0x0800c9c2   0x0000006c   Code   RO          108    i.prvCopyDataToQueue  queue.o
    0x0800ca2e   0x00000014   Code   RO          849    i.prvDeleteTCB      tasks.o
    0x0800ca42   0x00000002   PAD
    0x0800ca44   0x0000004c   Code   RO          784    i.prvHeapInit       heap_4.o
    0x0800ca90   0x00000028   Code   RO          850    i.prvIdleTask       tasks.o
    0x0800cab8   0x0000008e   Code   RO          851    i.prvInitialiseNewTask  tasks.o
    0x0800cb46   0x00000002   PAD
    0x0800cb48   0x0000004c   Code   RO          785    i.prvInsertBlockIntoFreeList  heap_4.o
    0x0800cb94   0x0000001c   Code   RO          109    i.prvIsQueueEmpty   queue.o
    0x0800cbb0   0x00000020   Code   RO          852    i.prvResetNextTaskUnblockTime  tasks.o
    0x0800cbd0   0x00000028   Code   RO            2    i.prvTaskExitError  port.o
    0x0800cbf8   0x0000006a   Code   RO          110    i.prvUnlockQueue    queue.o
    0x0800cc62   0x0000004a   Code   RO         8734    i.pub_ack_rec_rel_response  mqtt.o
    0x0800ccac   0x000000d8   Code   RO          786    i.pvPortMalloc      heap_4.o
    0x0800cd84   0x00000018   Code   RO          854    i.pvTaskIncrementMutexHeldCount  tasks.o
    0x0800cd9c   0x0000002c   Code   RO            3    i.pxPortInitialiseStack  port.o
    0x0800cdc8   0x00000018   Code   RO         7673    i.sifaddr           ppp.o
    0x0800cde0   0x00000044   Code   RO         7674    i.sifdown           ppp.o
    0x0800ce24   0x00000050   Code   RO         7675    i.sifup             ppp.o
    0x0800ce74   0x00000068   Code   RO         7676    i.sifvjcomp         ppp.o
    0x0800cedc   0x00000014   Code   RO         6861    i.start_networks    auth.o
    0x0800cef0   0x000002e8   Code   RO         8550    i.status_cb         pppapp.o
    0x0800d1d8   0x00000044   Code   RO         8379    i.sys_arch_mbox_fetch  sys_arch.o
    0x0800d21c   0x00000018   Code   RO         8381    i.sys_arch_protect  sys_arch.o
    0x0800d234   0x0000000c   Code   RO         8383    i.sys_arch_unprotect  sys_arch.o
    0x0800d240   0x00000084   Code   RO         6153    i.sys_check_timeouts  timeouts.o
    0x0800d2c4   0x00000018   Code   RO         8384    i.sys_init          sys_arch.o
    0x0800d2dc   0x00000004   Code   RO         1501    i.sys_jiffies       lwip.o
    0x0800d2e0   0x00000028   Code   RO         8386    i.sys_mbox_new      sys_arch.o
    0x0800d308   0x0000001a   Code   RO         8387    i.sys_mbox_post     sys_arch.o
    0x0800d322   0x00000014   Code   RO         8389    i.sys_mbox_trypost  sys_arch.o
    0x0800d336   0x0000000a   Code   RO         8390    i.sys_mbox_valid    sys_arch.o
    0x0800d340   0x0000000a   Code   RO         8392    i.sys_mutex_lock    sys_arch.o
    0x0800d34a   0x0000001c   Code   RO         8393    i.sys_mutex_new     sys_arch.o
    0x0800d366   0x00000006   Code   RO         8394    i.sys_mutex_unlock  sys_arch.o
    0x0800d36c   0x00000004   Code   RO         1502    i.sys_now           lwip.o
    0x0800d370   0x00000030   Code   RO         8400    i.sys_thread_new    sys_arch.o
    0x0800d3a0   0x00000164   Code   RO         6155    i.sys_timeout_debug  timeouts.o
    0x0800d504   0x00000038   Code   RO         6156    i.sys_timeouts_init  timeouts.o
    0x0800d53c   0x00000048   Code   RO         6157    i.sys_timeouts_mbox_fetch  timeouts.o
    0x0800d584   0x00000048   Code   RO         6158    i.sys_untimeout     timeouts.o
    0x0800d5cc   0x00000188   Code   RO         5642    i.tcp_abandon       tcp.o
    0x0800d754   0x00000006   Code   RO         5643    i.tcp_abort         tcp.o
    0x0800d75a   0x00000002   PAD
    0x0800d75c   0x00000194   Code   RO         5646    i.tcp_alloc         tcp.o
    0x0800d8f0   0x00000008   Code   RO         5647    i.tcp_arg           tcp.o
    0x0800d8f8   0x00000138   Code   RO         5648    i.tcp_bind          tcp.o
    0x0800da30   0x00000044   Code   RO         5649    i.tcp_close         tcp.o
    0x0800da74   0x00000178   Code   RO         5650    i.tcp_close_shutdown  tcp.o
    0x0800dbec   0x000000b4   Code   RO         5651    i.tcp_close_shutdown_fin  tcp.o
    0x0800dca0   0x00000194   Code   RO         5652    i.tcp_connect       tcp.o
    0x0800de34   0x00000178   Code   RO         6042    i.tcp_create_segment  tcp_out.o
    0x0800dfac   0x00000224   Code   RO         5653    i.tcp_debug_print   tcp.o
    0x0800e1d0   0x000000a4   Code   RO         5654    i.tcp_debug_print_flags  tcp.o
    0x0800e274   0x0000001c   Code   RO         5656    i.tcp_debug_print_state  tcp.o
    0x0800e290   0x00000022   Code   RO         5658    i.tcp_eff_send_mss_impl  tcp.o
    0x0800e2b2   0x00000002   PAD
    0x0800e2b4   0x000002ec   Code   RO         6043    i.tcp_enqueue_flags  tcp_out.o
    0x0800e5a0   0x00000094   Code   RO         5659    i.tcp_err           tcp.o
    0x0800e634   0x000000b4   Code   RO         5660    i.tcp_fasttmr       tcp.o
    0x0800e6e8   0x00000030   Code   RO         5957    i.tcp_getoptbyte    tcp_in.o
    0x0800e718   0x00000014   Code   RO         5661    i.tcp_init          tcp.o
    0x0800e72c   0x00000854   Code   RO         5958    i.tcp_input         tcp_in.o
    0x0800ef80   0x00000040   Code   RO         5959    i.tcp_input_delayed_close  tcp_in.o
    0x0800efc0   0x0000016c   Code   RO         6044    i.tcp_keepalive     tcp_out.o
    0x0800f12c   0x00000078   Code   RO         5662    i.tcp_kill_prio     tcp.o
    0x0800f1a4   0x000000f4   Code   RO         5663    i.tcp_kill_state    tcp.o
    0x0800f298   0x00000078   Code   RO         5664    i.tcp_kill_timewait  tcp.o
    0x0800f310   0x000000bc   Code   RO         5665    i.tcp_listen_closed  tcp.o
    0x0800f3cc   0x0000018c   Code   RO         5960    i.tcp_listen_input  tcp_in.o
    0x0800f558   0x0000004c   Code   RO         5668    i.tcp_netif_ip_addr_changed  tcp.o
    0x0800f5a4   0x00000054   Code   RO         5669    i.tcp_netif_ip_addr_changed_pcblist  tcp.o
    0x0800f5f8   0x00000006   Code   RO         5670    i.tcp_new           tcp.o
    0x0800f5fe   0x00000002   PAD
    0x0800f600   0x0000005c   Code   RO         5672    i.tcp_new_port      tcp.o
    0x0800f65c   0x00000010   Code   RO         5673    i.tcp_next_iss      tcp.o
    0x0800f66c   0x00000078   Code   RO         5961    i.tcp_oos_insert_segment  tcp_in.o
    0x0800f6e4   0x000003c0   Code   RO         6045    i.tcp_output        tcp_out.o
    0x0800faa4   0x000000fc   Code   RO         6046    i.tcp_output_alloc_header  tcp_out.o
    0x0800fba0   0x00000124   Code   RO         6047    i.tcp_output_segment  tcp_out.o
    0x0800fcc4   0x00000104   Code   RO         5962    i.tcp_parseopt      tcp_in.o
    0x0800fdc8   0x000000c8   Code   RO         6048    i.tcp_pbuf_prealloc  tcp_out.o
    0x0800fe90   0x00000120   Code   RO         5674    i.tcp_pcb_purge     tcp.o
    0x0800ffb0   0x0000015c   Code   RO         5675    i.tcp_pcb_remove    tcp.o
    0x0801010c   0x00000174   Code   RO         5676    i.tcp_pcbs_sane     tcp.o
    0x08010280   0x0000008c   Code   RO         5677    i.tcp_poll          tcp.o
    0x0801030c   0x00000714   Code   RO         5963    i.tcp_process       tcp_in.o
    0x08010a20   0x000000d8   Code   RO         5678    i.tcp_process_refused_data  tcp.o
    0x08010af8   0x00000dd8   Code   RO         5964    i.tcp_receive       tcp_in.o
    0x080118d0   0x00000094   Code   RO         5679    i.tcp_recv          tcp.o
    0x08011964   0x00000024   Code   RO         5680    i.tcp_recv_null     tcp.o
    0x08011988   0x0000013c   Code   RO         5681    i.tcp_recved        tcp.o
    0x08011ac4   0x00000056   Code   RO         6049    i.tcp_rexmit        tcp_out.o
    0x08011b1a   0x00000002   PAD
    0x08011b1c   0x000000b8   Code   RO         6050    i.tcp_rexmit_fast   tcp_out.o
    0x08011bd4   0x0000003c   Code   RO         6051    i.tcp_rexmit_rto    tcp_out.o
    0x08011c10   0x00000188   Code   RO         6052    i.tcp_rst           tcp_out.o
    0x08011d98   0x00000024   Code   RO         5682    i.tcp_seg_copy      tcp.o
    0x08011dbc   0x00000020   Code   RO         5683    i.tcp_seg_free      tcp.o
    0x08011ddc   0x00000012   Code   RO         5684    i.tcp_segs_free     tcp.o
    0x08011dee   0x00000002   PAD
    0x08011df0   0x000000e0   Code   RO         6053    i.tcp_send_empty_ack  tcp_out.o
    0x08011ed0   0x00000044   Code   RO         6054    i.tcp_send_fin      tcp_out.o
    0x08011f14   0x00000090   Code   RO         5685    i.tcp_sent          tcp.o
    0x08011fa4   0x00000764   Code   RO         5688    i.tcp_slowtmr       tcp.o
    0x08012708   0x00000048   Code   RO         6159    i.tcp_timer_needed  timeouts.o
    0x08012750   0x00000068   Code   RO         5965    i.tcp_timewait_input  tcp_in.o
    0x080127b8   0x00000020   Code   RO         5689    i.tcp_tmr           tcp.o
    0x080127d8   0x00000010   Code   RO         5966    i.tcp_trigger_input_pcb_close  tcp_in.o
    0x080127e8   0x000000b0   Code   RO         5691    i.tcp_update_rcv_ann_wnd  tcp.o
    0x08012898   0x00000908   Code   RO         6055    i.tcp_write         tcp_out.o
    0x080131a0   0x000001e4   Code   RO         6056    i.tcp_write_checks  tcp_out.o
    0x08013384   0x000001dc   Code   RO         6057    i.tcp_zero_window_probe  tcp_out.o
    0x08013560   0x000000bc   Code   RO         4662    i.tcpip_callback_with_block  tcpip.o
    0x0801361c   0x000000fc   Code   RO         4665    i.tcpip_init        tcpip.o
    0x08013718   0x000000b0   Code   RO         4666    i.tcpip_inpkt       tcpip.o
    0x080137c8   0x0000004c   Code   RO         6160    i.tcpip_tcp_timer   timeouts.o
    0x08013814   0x000001b4   Code   RO         4669    i.tcpip_thread      tcpip.o
    0x080139c8   0x0000009c   Code   RO         7115    i.terminate_layer   fsm.o
    0x08013a64   0x00000018   Code   RO         3629    i.uart2_init        uart_driver.o
    0x08013a7c   0x000000ec   Code   RO         6234    i.udp_debug_print   udp.o
    0x08013b68   0x00000014   Code   RO         6236    i.udp_init          udp.o
    0x08013b7c   0x00000328   Code   RO         6237    i.udp_input         udp.o
    0x08013ea4   0x00000034   Code   RO         6238    i.udp_netif_ip_addr_changed  udp.o
    0x08013ed8   0x00000058   Code   RO         6862    i.upper_layers_down  auth.o
    0x08013f30   0x00000024   Code   RO          742    i.uxListRemove      list.o
    0x08013f54   0x00000016   Code   RO          743    i.vListInitialise   list.o
    0x08013f6a   0x00000006   Code   RO          744    i.vListInitialiseItem  list.o
    0x08013f70   0x00000030   Code   RO          745    i.vListInsert       list.o
    0x08013fa0   0x00000018   Code   RO          746    i.vListInsertEnd    list.o
    0x08013fb8   0x00000040   Code   RO            5    i.vPortEnterCritical  port.o
    0x08013ff8   0x00000028   Code   RO            6    i.vPortExitCritical  port.o
    0x08014020   0x0000005c   Code   RO          787    i.vPortFree         heap_4.o
    0x0801407c   0x00000020   Code   RO            7    i.vPortSetupTimerInterrupt  port.o
    0x0801409c   0x00000054   Code   RO            8    i.vPortValidateInterruptPriority  port.o
    0x080140f0   0x0000004c   Code   RO          860    i.vTaskDelay        tasks.o
    0x0801413c   0x0000000c   Code   RO          863    i.vTaskMissedYield  tasks.o
    0x08014148   0x00000030   Code   RO          865    i.vTaskPlaceOnEventList  tasks.o
    0x08014178   0x00000084   Code   RO          867    i.vTaskPriorityInherit  tasks.o
    0x080141fc   0x00000024   Code   RO          870    i.vTaskSetTimeOutState  tasks.o
    0x08014220   0x00000068   Code   RO          871    i.vTaskStartScheduler  tasks.o
    0x08014288   0x00000010   Code   RO          873    i.vTaskSuspendAll   tasks.o
    0x08014298   0x0000005c   Code   RO          874    i.vTaskSwitchContext  tasks.o
    0x080142f4   0x0000003e   Code   RO         8310    i.vj_compress_init  vj.o
    0x08014332   0x00000002   PAD
    0x08014334   0x0000049c   Code   RO         8311    i.vj_compress_tcp   vj.o
    0x080147d0   0x0000000a   Code   RO         8312    i.vj_uncompress_err  vj.o
    0x080147da   0x00000002   PAD
    0x080147dc   0x000004d0   Code   RO         8313    i.vj_uncompress_tcp  vj.o
    0x08014cac   0x000000bc   Code   RO         8314    i.vj_uncompress_uncomp  vj.o
    0x08014d68   0x000000e0   Code   RO            9    i.xPortStartScheduler  port.o
    0x08014e48   0x0000002c   Code   RO           10    i.xPortSysTickHandler  port.o
    0x08014e74   0x00000024   Code   RO          117    i.xQueueCreateMutex  queue.o
    0x08014e98   0x00000048   Code   RO          118    i.xQueueGenericCreate  queue.o
    0x08014ee0   0x0000016c   Code   RO          119    i.xQueueGenericReceive  queue.o
    0x0801504c   0x00000088   Code   RO          120    i.xQueueGenericReset  queue.o
    0x080150d4   0x00000160   Code   RO          121    i.xQueueGenericSend  queue.o
    0x08015234   0x000000bc   Code   RO          122    i.xQueueGenericSendFromISR  queue.o
    0x080152f0   0x0000009c   Code   RO          123    i.xQueueGiveFromISR  queue.o
    0x0801538c   0x0000009a   Code   RO          127    i.xQueueReceiveFromISR  queue.o
    0x08015426   0x00000002   PAD
    0x08015428   0x0000006c   Code   RO          875    i.xTaskCheckForTimeOut  tasks.o
    0x08015494   0x00000056   Code   RO          876    i.xTaskCreate       tasks.o
    0x080154ea   0x00000002   PAD
    0x080154ec   0x0000001c   Code   RO          880    i.xTaskGetSchedulerState  tasks.o
    0x08015508   0x0000000c   Code   RO          881    i.xTaskGetTickCount  tasks.o
    0x08015514   0x00000010   Code   RO          882    i.xTaskGetTickCountFromISR  tasks.o
    0x08015524   0x000000c8   Code   RO          883    i.xTaskIncrementTick  tasks.o
    0x080155ec   0x00000098   Code   RO          886    i.xTaskPriorityDisinherit  tasks.o
    0x08015684   0x00000074   Code   RO          887    i.xTaskRemoveFromEventList  tasks.o
    0x080156f8   0x000000c4   Code   RO          889    i.xTaskResumeAll    tasks.o
    0x080157bc   0x00000014   Data   RO         1418    .constdata          main.o
    0x080157d0   0x00000008   Data   RO         2286    .constdata          stm32f4xx_hal_dma.o
    0x080157d8   0x00000010   Data   RO         3577    .constdata          system_stm32f4xx.o
    0x080157e8   0x00000008   Data   RO         3578    .constdata          system_stm32f4xx.o
    0x080157f0   0x00000010   Data   RO         5128    .constdata          memp.o
    0x08015800   0x00000010   Data   RO         5129    .constdata          memp.o
    0x08015810   0x00000010   Data   RO         5130    .constdata          memp.o
    0x08015820   0x00000010   Data   RO         5131    .constdata          memp.o
    0x08015830   0x00000010   Data   RO         5132    .constdata          memp.o
    0x08015840   0x00000010   Data   RO         5133    .constdata          memp.o
    0x08015850   0x00000010   Data   RO         5134    .constdata          memp.o
    0x08015860   0x00000010   Data   RO         5135    .constdata          memp.o
    0x08015870   0x00000010   Data   RO         5136    .constdata          memp.o
    0x08015880   0x00000010   Data   RO         5137    .constdata          memp.o
    0x08015890   0x00000010   Data   RO         5138    .constdata          memp.o
    0x080158a0   0x00000010   Data   RO         5139    .constdata          memp.o
    0x080158b0   0x00000010   Data   RO         5140    .constdata          memp.o
    0x080158c0   0x00000034   Data   RO         5141    .constdata          memp.o
    0x080158f4   0x00000054   Data   RO         5692    .constdata          tcp.o
    0x08015948   0x00000018   Data   RO         6161    .constdata          timeouts.o
    0x08015960   0x00000004   Data   RO         6718    .constdata          ip4_addr.o
    0x08015964   0x00000004   Data   RO         6719    .constdata          ip4_addr.o
    0x08015968   0x0000003c   Data   RO         7241    .constdata          ipcp.o
    0x080159a4   0x00000020   Data   RO         7242    .constdata          ipcp.o
    0x080159c4   0x0000003c   Data   RO         7393    .constdata          lcp.o
    0x08015a00   0x00000020   Data   RO         7394    .constdata          lcp.o
    0x08015a20   0x0000001c   Data   RO         7678    .constdata          ppp.o
    0x08015a3c   0x0000022c   Data   RO         8060    .constdata          pppos.o
    0x08015c68   0x0000000c   Data   RO         8401    .constdata          sys_arch.o
    0x08015c74   0x00000028   Data   RO         8554    .constdata          pppapp.o
    0x08015c9c   0x00000081   Data   RO         8900    .constdata          mc_w.l(ctype_o.o)
    0x08015d1d   0x00000003   PAD
    0x08015d20   0x00000004   Data   RO         8901    .constdata          mc_w.l(ctype_o.o)
    0x08015d24   0x0000000c   Data   RO         1419    .conststring        main.o
    0x08015d30   0x00000139   Data   RO         4261    .conststring        err.o
    0x08015e69   0x00000003   PAD
    0x08015e6c   0x00000008   Data   RO         5142    .conststring        memp.o
    0x08015e74   0x00000008   Data   RO         5143    .conststring        memp.o
    0x08015e7c   0x0000000f   Data   RO         5144    .conststring        memp.o
    0x08015e8b   0x00000001   PAD
    0x08015e8c   0x00000008   Data   RO         5145    .conststring        memp.o
    0x08015e94   0x0000000a   Data   RO         5146    .conststring        memp.o
    0x08015e9e   0x00000002   PAD
    0x08015ea0   0x0000000a   Data   RO         5147    .conststring        memp.o
    0x08015eaa   0x00000002   PAD
    0x08015eac   0x00000007   Data   RO         5148    .conststring        memp.o
    0x08015eb3   0x00000001   PAD
    0x08015eb4   0x00000008   Data   RO         5149    .conststring        memp.o
    0x08015ebc   0x0000000e   Data   RO         5150    .conststring        memp.o
    0x08015eca   0x00000002   PAD
    0x08015ecc   0x00000010   Data   RO         5151    .conststring        memp.o
    0x08015edc   0x0000000c   Data   RO         5152    .conststring        memp.o
    0x08015ee8   0x0000000d   Data   RO         5153    .conststring        memp.o
    0x08015ef5   0x00000003   PAD
    0x08015ef8   0x0000000a   Data   RO         5154    .conststring        memp.o
    0x08015f02   0x00000002   PAD
    0x08015f04   0x00000047   Data   RO         5420    .conststring        pbuf.o
    0x08015f4b   0x00000001   PAD
    0x08015f4c   0x0000006d   Data   RO         5693    .conststring        tcp.o
    0x08015fb9   0x00000003   PAD
    0x08015fbc   0x00000098   Data   RO         5968    .conststring        tcp_in.o
    0x08016054   0x000001c1   Data   RO         6058    .conststring        tcp_out.o
    0x08016215   0x00000003   PAD
    0x08016218   0x00000015   Data   RO         6162    .conststring        timeouts.o
    0x0801622d   0x00000003   PAD
    0x08016230   0x0000012f   Data   RO         6657    .conststring        ip4.o
    0x0801635f   0x00000001   PAD
    0x08016360   0x00000005   Data   RO         7243    .conststring        ipcp.o
    0x08016365   0x00000003   PAD
    0x08016368   0x00000004   Data   RO         7395    .conststring        lcp.o
    0x0801636c   0x00000008   Data   RO         7679    .conststring        ppp.o
    0x08016374   0x0000000a   Data   RO         8061    .conststring        pppos.o
    0x0801637e   0x00000002   PAD
    0x08016380   0x00000008   Data   RO         8555    .conststring        pppapp.o
    0x08016388   0x00000020   Data   RO         9263    Region$$Table       anon$$obj.o


    Execution Region RW_IRAM1 (Base: 0x20000000, Size: 0x0000c3b0, Max: 0x00020000, ABSOLUTE, COMPRESSED[0x00000064])

    Base Addr    Size         Type   Attr      Idx    E Section Name        Object

    0x20000000   0x0000000c   Data   RW           11    .data               port.o
    0x2000000c   0x00000018   Data   RW          792    .data               heap_4.o
    0x20000024   0x0000003c   Data   RW          892    .data               tasks.o
    0x20000060   0x00000004   Data   RW         1420    .data               main.o
    0x20000064   0x0000000c   Data   RW         1807    .data               stm32f4xx_hal.o
    0x20000070   0x00000004   Data   RW         3579    .data               system_stm32f4xx.o
    0x20000074   0x00000008   Data   RW         3632    .data               uart_driver.o
    0x2000007c   0x00000004   Data   RW         3728    .data               common.o
    0x20000080   0x00000044   Data   RW         4262    .data               err.o
    0x200000c4   0x00000010   Data   RW         4671    .data               tcpip.o
    0x200000d4   0x00000010   Data   RW         5047    .data               mem.o
    0x200000e4   0x00000004   Data   RW         5155    .data               memp.o
    0x200000e8   0x00000004   Data   RW         5156    .data               memp.o
    0x200000ec   0x00000004   Data   RW         5157    .data               memp.o
    0x200000f0   0x00000004   Data   RW         5158    .data               memp.o
    0x200000f4   0x00000004   Data   RW         5159    .data               memp.o
    0x200000f8   0x00000004   Data   RW         5160    .data               memp.o
    0x200000fc   0x00000004   Data   RW         5161    .data               memp.o
    0x20000100   0x00000004   Data   RW         5162    .data               memp.o
    0x20000104   0x00000004   Data   RW         5163    .data               memp.o
    0x20000108   0x00000004   Data   RW         5164    .data               memp.o
    0x2000010c   0x00000004   Data   RW         5165    .data               memp.o
    0x20000110   0x00000004   Data   RW         5166    .data               memp.o
    0x20000114   0x00000004   Data   RW         5167    .data               memp.o
    0x20000118   0x0000000c   Data   RW         5281    .data               netif.o
    0x20000124   0x00000001   Data   RW         5421    .data               pbuf.o
    0x20000125   0x00000003   PAD
    0x20000128   0x00000020   Data   RW         5694    .data               tcp.o
    0x20000148   0x00000024   Data   RW         5969    .data               tcp_in.o
    0x2000016c   0x0000000c   Data   RW         6163    .data               timeouts.o
    0x20000178   0x00000008   Data   RW         6247    .data               udp.o
    0x20000180   0x00000002   Data   RW         6658    .data               ip4.o
    0x20000182   0x00000002   PAD
    0x20000184   0x00000008   Data   RW         6787    .data               ip4_frag.o
    0x2000018c   0x00000004   Data   RW         7550    .data               magic.o
    0x20000190   0x00000004   Data   RW         7680    .data               ppp.o
    0x20000194   0x00000004   Data   RW         8062    .data               pppos.o
    0x20000198   0x00000011   Data   RW         8211    .data               utils.o
    0x200001a9   0x00000003   PAD
    0x200001ac   0x00000004   Data   RW         8403    .data               sys_arch.o
    0x200001b0   0x00000014   Data   RW         8556    .data               pppapp.o
    0x200001c4   0x00000004   Data   RW         8643    .data               test_mqtt.o
    0x200001c8   0x00000004   Data   RW         8928    .data               mc_w.l(rand.o)
    0x200001cc   0x00005000   Zero   RW          791    .bss                heap_4.o
    0x200051cc   0x000000f0   Zero   RW          891    .bss                tasks.o
    0x200052bc   0x00000100   Zero   RW         1409    .bss                main.o
    0x200053bc   0x00000060   Zero   RW         1410    .bss                main.o
    0x2000541c   0x00000060   Zero   RW         1411    .bss                main.o
    0x2000547c   0x00000060   Zero   RW         1412    .bss                main.o
    0x200054dc   0x00000060   Zero   RW         1413    .bss                main.o
    0x2000553c   0x00000060   Zero   RW         1414    .bss                main.o
    0x2000559c   0x00000060   Zero   RW         1415    .bss                main.o
    0x200055fc   0x00000060   Zero   RW         1416    .bss                main.o
    0x2000565c   0x00000060   Zero   RW         1417    .bss                main.o
    0x200056bc   0x00000861   Zero   RW         3631    .bss                uart_driver.o
    0x20005f1d   0x00000800   Zero   RW         3820    .bss                cycle_queue.o
    0x2000671d   0x00000003   PAD
    0x20006720   0x00000018   Zero   RW         5016    .bss                ip.o
    0x20006738   0x00000653   Zero   RW         5046    .bss                mem.o
    0x20006d8b   0x00000083   Zero   RW         5115    .bss                memp.o
    0x20006e0e   0x000002fb   Zero   RW         5116    .bss                memp.o
    0x20007109   0x000000e3   Zero   RW         5117    .bss                memp.o
    0x200071ec   0x00000143   Zero   RW         5118    .bss                memp.o
    0x2000732f   0x000000a3   Zero   RW         5119    .bss                memp.o
    0x200073d2   0x0000016b   Zero   RW         5120    .bss                memp.o
    0x2000753d   0x00000023   Zero   RW         5121    .bss                memp.o
    0x20007560   0x000000b3   Zero   RW         5122    .bss                memp.o
    0x20007613   0x00000083   Zero   RW         5123    .bss                memp.o
    0x20007696   0x00000083   Zero   RW         5124    .bss                memp.o
    0x20007719   0x000000a3   Zero   RW         5125    .bss                memp.o
    0x200077bc   0x00000103   Zero   RW         5126    .bss                memp.o
    0x200078bf   0x00002603   Zero   RW         5127    .bss                memp.o
    0x20009ec2   0x00000002   PAD
    0x20009ec4   0x00000014   Zero   RW         5967    .bss                tcp_in.o
    0x20009ed8   0x00000010   Zero   RW         6717    .bss                ip4_addr.o
    0x20009ee8   0x00001243   Zero   RW         7677    .bss                ppp.o
    0x2000b12b   0x00000063   Zero   RW         8059    .bss                pppos.o
    0x2000b18e   0x00000002   PAD
    0x2000b190   0x00000030   Zero   RW         8553    .bss                pppapp.o
    0x2000b1c0   0x000001f0   Zero   RW         8642    .bss                test_mqtt.o
    0x2000b3b0   0x00001000   Zero   RW         3610    STACK               startup_stm32f405xx.o


==============================================================================

Image component sizes


      Code (inc. data)   RO Data    RW Data    ZI Data      Debug   Object Name

         0          0          0          0          0       6215   api_lib.o
         0          0          0          0          0       4035   api_msg.o
       484        116          0          0          0      25706   auth.o
       580         22          0          0          0      22757   cmsis_os.o
         0          0          0          4          0       2555   common.o
         0          0          0          0          0       8144   croutine.o
       246          6          0          0       2048       4024   cycle_queue.o
         8          0          0          0          0       1050   def.o
        44         20        313         68          0       5134   err.o
         0          0          0          0          0       2492   event_groups.o
      2598        540          0          0          0      22846   fsm.o
       460         24          0         24      20480       7331   heap_4.o
      1496        924          0          0          0       4062   icmp.o
       392        114          0          0          0       4061   inet_chksum.o
        38          0          0          0          0       2456   init.o
         0          0          0          0         24       3042   ip.o
      2250       1002        303          2          0       5170   ip4.o
       178          4          8          0         16       8338   ip4_addr.o
      3064       1262          0          8          0      10218   ip4_frag.o
      3428        356         97          0          0      27789   ipcp.o
      4518        538         96          0          0      34285   lcp.o
       136          0          0          0          0       3562   list.o
         8          0          0          0          0      16351   lwip.o
        60         14          0          4          0       2291   magic.o
       958         78         32          4       1024       7888   main.o
      1916        974          0         16       1619       5545   mem.o
       974        664        399         52      12599      11900   memp.o
      5886       2524          0          0          0      27792   mqtt.o
         0          0          0          0          0       7136   netbuf.o
       994        444          0         12          0       8778   netif.o
      4916       2662         71          1          0      24139   pbuf.o
       758         84          0         12          0      18945   port.o
      2386       1108         36          4       4675      27347   ppp.o
         0          0          0          0          0       9089   pppapi.o
      1172        706         48         20         48       6204   pppapp.o
      2368        662        566          4         99      23504   pppos.o
      1738         14          0          0          0      26556   queue.o
        36          8        392          0       4096        832   startup_stm32f405xx.o
       144         24          0         12          0       4109   stm32f4xx_hal.o
       218         14          0          0          0      30889   stm32f4xx_hal_cortex.o
      1090         16          8          0          0       6858   stm32f4xx_hal_dma.o
       442         44          0          0          0       2300   stm32f4xx_hal_gpio.o
       892        100          0          0          0       2559   stm32f4xx_hal_msp.o
      1272         82          0          0          0       5656   stm32f4xx_hal_rcc.o
      2420         42          0          0          0      17251   stm32f4xx_hal_uart.o
       122         48          0          0          0     634307   stm32f4xx_it.o
       316         26         12          4          0      12612   sys_arch.o
        84         18         24          4          0       1255   system_stm32f4xx.o
      2088        182          0         60        240      23288   tasks.o
      8412       4208        193         32          0      37061   tcp.o
      8496       3054        152         36         20      19831   tcp_in.o
      7478       3178        449          0          0      14847   tcp_out.o
      1052        632          0         16          0       8100   tcpip.o
       858        522          0          4        496       7435   test_mqtt.o
       904        368         45         12          0       7262   timeouts.o
       456        152          0          8       2145       5894   uart_driver.o
      1116        468          0          8          0       5242   udp.o
      1214         40          0         17          0      17652   utils.o
      2672        556          0          0          0       6392   vj.o

    ----------------------------------------------------------------------
     85926      28644       3308        456      49636    1310369   Object Totals
         0          0         32          0          0          0   (incl. Generated)
        90          0         32          8          7          0   (incl. Padding)

    ----------------------------------------------------------------------

      Code (inc. data)   RO Data    RW Data    ZI Data      Debug   Library Member Name

        86          0          0          0          0          0   __dczerorl2.o
         8          4        133          0          0         68   ctype_o.o
         0          0          0          0          0          0   entry.o
         0          0          0          0          0          0   entry10a.o
         0          0          0          0          0          0   entry11a.o
         8          4          0          0          0          0   entry2.o
         4          0          0          0          0          0   entry5.o
         0          0          0          0          0          0   entry7b.o
         0          0          0          0          0          0   entry8b.o
         8          4          0          0          0          0   entry9a.o
        30          0          0          0          0          0   handlers.o
        36          8          0          0          0         68   init.o
        30          0          0          0          0         68   llshl.o
        32          0          0          0          0         68   llushr.o
        26          0          0          0          0         80   memcmp.o
        36          0          0          0          0         68   memcpya.o
        36          0          0          0          0        108   memseta.o
      1154         54          0          0          0        352   printf8.o
        36         10          0          4          0        136   rand.o
        28          0          0          0          0         76   strcmp.o
        14          0          0          0          0         68   strlen.o
        98          0          0          0          0         92   uldiv.o

    ----------------------------------------------------------------------
      1678         84        136          4          0       1252   Library Totals
         8          0          3          0          0          0   (incl. Padding)

    ----------------------------------------------------------------------

      Code (inc. data)   RO Data    RW Data    ZI Data      Debug   Library Name

      1670         84        133          4          0       1252   mc_w.l

    ----------------------------------------------------------------------
      1678         84        136          4          0       1252   Library Totals

    ----------------------------------------------------------------------

==============================================================================


      Code (inc. data)   RO Data    RW Data    ZI Data      Debug   

     87604      28728       3444        460      49636    1262985   Grand Totals
     87604      28728       3444        100      49636    1262985   ELF Image Totals (compressed)
     87604      28728       3444        100          0          0   ROM Totals

==============================================================================

    Total RO  Size (Code + RO Data)                91048 (  88.91kB)
    Total RW  Size (RW Data + ZI Data)             50096 (  48.92kB)
    Total ROM Size (Code + RO Data + RW Data)      91148 (  89.01kB)

==============================================================================

